<html>
<body>
<pre>
<h1>µVision Build Log</h1>
<h2>Tool Versions:</h2>
IDE-Version: µVision V5.31.0.0
Copyright (C) 2020 ARM Ltd and ARM Germany GmbH. All rights reserved.
License Information: hung vinh, HP Inc., LIC=PE7DL-0N9I6-JJ26S-L2LC2-WVZYR-ES1XN
 
Tool Versions:
Toolchain:       MDK-ARM Plus  Version: 5.31.0.0
Toolchain Path:  D:\Keil_v5\file\ARM\ARMCC\Bin
C Compiler:      Armcc.exe V5.06 update 6 (build 750)
Assembler:       Armasm.exe V5.06 update 6 (build 750)
Linker/Locator:  ArmLink.exe V5.06 update 6 (build 750)
Library Manager: ArmAr.exe V5.06 update 6 (build 750)
Hex Converter:   FromElf.exe V5.06 update 6 (build 750)
CPU DLL:         SARMCM3.DLL V5.31.0.0
Dialog DLL:      DCM.DLL V1.17.3.0
Target DLL:      STLink\ST-LINKIII-KEIL_SWO.dll V3.0.7.0
Dialog DLL:      TCM.DLL V1.46.0.0
 
<h2>Project:</h2>
D:\STM32CUBEMX1\FILE\Project_Nhung\Project\MDK-ARM\Project.uvprojx
Project File Date:  12/21/2022

<h2>Output:</h2>
*** Using Compiler 'V5.06 update 6 (build 750)', folder: 'D:\Keil_v5\file\ARM\ARMCC\Bin'
Build target 'Project'
compiling main.c...
../Core/Inc/DFPlayer.h(46): warning:  #1-D: last line of file ends without a newline
  #endif
../Core/Src/main.c(118): warning:  #1166-D: returning pointer to local variable
  	return r;
../Core/Src/main.c(189): warning:  #167-D: argument of type "uint8_t *" is incompatible with parameter of type "char *restrict"
  			sprintf(buf,"R = %d, G = %d, B = %d\nUNDEFINED\n", rgb[0],rgb[1],rgb[2]);
../Core/Src/main.c(190): warning:  #167-D: argument of type "uint8_t *" is incompatible with parameter of type "const char *"
  			CDC_Transmit_FS(buf, strlen(buf));
../Core/Src/main.c(193): warning:  #167-D: argument of type "uint8_t *" is incompatible with parameter of type "char *restrict"
  			sprintf(buf,"R = %d, G = %d, B = %d\nWHITE\n", rgb[0],rgb[1],rgb[2]);
../Core/Src/main.c(194): warning:  #167-D: argument of type "uint8_t *" is incompatible with parameter of type "const char *"
  			CDC_Transmit_FS(buf, strlen(buf));
../Core/Src/main.c(203): warning:  #167-D: argument of type "uint8_t *" is incompatible with parameter of type "char *restrict"
  			sprintf(buf,"R = %d, G = %d, B = %d\nBROWN\n", rgb[0],rgb[1],rgb[2]);
../Core/Src/main.c(204): warning:  #167-D: argument of type "uint8_t *" is incompatible with parameter of type "const char *"
  			CDC_Transmit_FS(buf, strlen(buf));
../Core/Src/main.c(212): warning:  #167-D: argument of type "uint8_t *" is incompatible with parameter of type "char *restrict"
  			sprintf(buf,"R = %d, G = %d, B = %d\nBLACK\n", rgb[0],rgb[1],rgb[2]);
../Core/Src/main.c(213): warning:  #167-D: argument of type "uint8_t *" is incompatible with parameter of type "const char *"
  			CDC_Transmit_FS(buf, strlen(buf));
../Core/Src/main.c(220): warning:  #167-D: argument of type "uint8_t *" is incompatible with parameter of type "char *restrict"
  			sprintf(buf,"R = %d, G = %d, B = %d\nRED\n", rgb[0],rgb[1],rgb[2]);
../Core/Src/main.c(221): warning:  #167-D: argument of type "uint8_t *" is incompatible with parameter of type "const char *"
  			CDC_Transmit_FS(buf, strlen(buf));
../Core/Src/main.c(229): warning:  #167-D: argument of type "uint8_t *" is incompatible with parameter of type "char *restrict"
  			sprintf(buf,"R = %d, G = %d, B = %d\nYELLOW\n", rgb[0],rgb[1],rgb[2]);
../Core/Src/main.c(230): warning:  #167-D: argument of type "uint8_t *" is incompatible with parameter of type "const char *"
  			CDC_Transmit_FS(buf, strlen(buf));
../Core/Src/main.c(238): warning:  #167-D: argument of type "uint8_t *" is incompatible with parameter of type "char *restrict"
  			sprintf(buf,"R = %d, G = %d, B = %d\nORANGE\n", rgb[0],rgb[1],rgb[2]);
../Core/Src/main.c(239): warning:  #167-D: argument of type "uint8_t *" is incompatible with parameter of type "const char *"
  			CDC_Transmit_FS(buf, strlen(buf));
../Core/Src/main.c(247): warning:  #167-D: argument of type "uint8_t *" is incompatible with parameter of type "char *restrict"
  			sprintf(buf,"R = %d, G = %d, B = %d\nPINK\n", rgb[0],rgb[1],rgb[2]);
../Core/Src/main.c(248): warning:  #167-D: argument of type "uint8_t *" is incompatible with parameter of type "const char *"
  			CDC_Transmit_FS(buf, strlen(buf));
../Core/Src/main.c(255): warning:  #167-D: argument of type "uint8_t *" is incompatible with parameter of type "char *restrict"
  			sprintf(buf,"R = %d, G = %d, B = %d\nBLUE\n", rgb[0],rgb[1],rgb[2]);
../Core/Src/main.c(256): warning:  #167-D: argument of type "uint8_t *" is incompatible with parameter of type "const char *"
  			CDC_Transmit_FS(buf, strlen(buf));
../Core/Src/main.c(263): warning:  #167-D: argument of type "uint8_t *" is incompatible with parameter of type "char *restrict"
  			sprintf(buf,"R = %d, G = %d, B = %d\nPURPLE\n", rgb[0],rgb[1],rgb[2]);
../Core/Src/main.c(264): warning:  #167-D: argument of type "uint8_t *" is incompatible with parameter of type "const char *"
  			CDC_Transmit_FS(buf, strlen(buf));
../Core/Src/main.c(271): warning:  #167-D: argument of type "uint8_t *" is incompatible with parameter of type "char *restrict"
  			sprintf(buf,"R = %d, G = %d, B = %d\nGREEN\n", rgb[0],rgb[1],rgb[2]);
../Core/Src/main.c(272): warning:  #167-D: argument of type "uint8_t *" is incompatible with parameter of type "const char *"
  			CDC_Transmit_FS(buf, strlen(buf));
../Core/Src/main.c(280): warning:  #167-D: argument of type "uint8_t *" is incompatible with parameter of type "char *restrict"
  			sprintf(buf,"R = %d, G = %d, B = %d\nGRAY\n", rgb[0],rgb[1],rgb[2]);
../Core/Src/main.c(281): warning:  #167-D: argument of type "uint8_t *" is incompatible with parameter of type "const char *"
  			CDC_Transmit_FS(buf, strlen(buf));
../Core/Src/main.c(288): warning:  #167-D: argument of type "uint8_t *" is incompatible with parameter of type "char *restrict"
  			sprintf(buf,"R = %d, G = %d, B = %d\nUNDEFINED\n", rgb[0],rgb[1],rgb[2]);
../Core/Src/main.c(289): warning:  #167-D: argument of type "uint8_t *" is incompatible with parameter of type "const char *"
  			CDC_Transmit_FS(buf, strlen(buf));
../Core/Src/main.c: 28 warnings, 0 errors
linking...
Program Size: Code=19490 RO-data=294 RW-data=412 ZI-data=6644  
FromELF: creating hex file...
"Project\Project.axf" - 0 Error(s), 28 Warning(s).

<h2>Software Packages used:</h2>

Package Vendor: ARM
                http://www.keil.com/pack/ARM.CMSIS.5.7.0.pack
                ARM.CMSIS.5.7.0
                CMSIS (Cortex Microcontroller Software Interface Standard)
   * Component: CORE Version: 5.4.0

Package Vendor: Keil
                http://www.keil.com/pack/Keil.STM32F1xx_DFP.2.4.0.pack
                Keil.STM32F1xx_DFP.2.4.0
                STMicroelectronics STM32F1 Series Device Support, Drivers and Examples

<h2>Collection of Component include folders:</h2>
  .\RTE\_Project
  D:\Keil_v5\ARM\CMSIS\5.7.0\CMSIS\Core\Include
  D:\Keil_v5\Keil\STM32F1xx_DFP\2.4.0\Device\Include

<h2>Collection of Component Files used:</h2>

   * Component: ARM::CMSIS:CORE:5.4.0
      Include file:  CMSIS\Core\Include\tz_context.h
Build Time Elapsed:  00:00:01
</pre>
</body>
</html>
