Component: ARM Compiler 5.06 update 6 (build 750) Tool: armlink [4d35ed]

==============================================================================

Section Cross References

    startup_stm32f103xb.o(STACK) refers (Special) to heapauxi.o(.text) for __use_two_region_memory
    startup_stm32f103xb.o(HEAP) refers (Special) to heapauxi.o(.text) for __use_two_region_memory
    startup_stm32f103xb.o(RESET) refers (Special) to heapauxi.o(.text) for __use_two_region_memory
    startup_stm32f103xb.o(RESET) refers to startup_stm32f103xb.o(STACK) for __initial_sp
    startup_stm32f103xb.o(RESET) refers to startup_stm32f103xb.o(.text) for Reset_Handler
    startup_stm32f103xb.o(RESET) refers to stm32f1xx_it.o(i.NMI_Handler) for NMI_Handler
    startup_stm32f103xb.o(RESET) refers to stm32f1xx_it.o(i.HardFault_Handler) for HardFault_Handler
    startup_stm32f103xb.o(RESET) refers to stm32f1xx_it.o(i.MemManage_Handler) for MemManage_Handler
    startup_stm32f103xb.o(RESET) refers to stm32f1xx_it.o(i.BusFault_Handler) for BusFault_Handler
    startup_stm32f103xb.o(RESET) refers to stm32f1xx_it.o(i.UsageFault_Handler) for UsageFault_Handler
    startup_stm32f103xb.o(RESET) refers to stm32f1xx_it.o(i.SVC_Handler) for SVC_Handler
    startup_stm32f103xb.o(RESET) refers to stm32f1xx_it.o(i.DebugMon_Handler) for DebugMon_Handler
    startup_stm32f103xb.o(RESET) refers to stm32f1xx_it.o(i.PendSV_Handler) for PendSV_Handler
    startup_stm32f103xb.o(RESET) refers to stm32f1xx_it.o(i.SysTick_Handler) for SysTick_Handler
    startup_stm32f103xb.o(RESET) refers to stm32f1xx_it.o(i.USB_LP_CAN1_RX0_IRQHandler) for USB_LP_CAN1_RX0_IRQHandler
    startup_stm32f103xb.o(RESET) refers to stm32f1xx_it.o(i.TIM3_IRQHandler) for TIM3_IRQHandler
    startup_stm32f103xb.o(.text) refers (Special) to heapauxi.o(.text) for __use_two_region_memory
    startup_stm32f103xb.o(.text) refers to system_stm32f1xx.o(i.SystemInit) for SystemInit
    startup_stm32f103xb.o(.text) refers to __main.o(!!!main) for __main
    startup_stm32f103xb.o(.text) refers to startup_stm32f103xb.o(HEAP) for Heap_Mem
    startup_stm32f103xb.o(.text) refers to startup_stm32f103xb.o(STACK) for Stack_Mem
    dfplayer.o(i.DFPLAYER_Init) refers to dfplayer.o(.data) for .data
    dfplayer.o(i.DFPLAYER_Next) refers to dfplayer.o(i.DFPLAYER_SendCmd) for DFPLAYER_SendCmd
    dfplayer.o(i.DFPLAYER_Pause) refers to dfplayer.o(i.DFPLAYER_SendCmd) for DFPLAYER_SendCmd
    dfplayer.o(i.DFPLAYER_Play) refers to dfplayer.o(i.DFPLAYER_SendCmd) for DFPLAYER_SendCmd
    dfplayer.o(i.DFPLAYER_PlayFileInFolder) refers to dfplayer.o(i.DFPLAYER_SendCmd) for DFPLAYER_SendCmd
    dfplayer.o(i.DFPLAYER_PlayTrack) refers to dfplayer.o(i.DFPLAYER_SendCmd) for DFPLAYER_SendCmd
    dfplayer.o(i.DFPLAYER_Prev) refers to dfplayer.o(i.DFPLAYER_SendCmd) for DFPLAYER_SendCmd
    dfplayer.o(i.DFPLAYER_RandomPlay) refers to dfplayer.o(i.DFPLAYER_SendCmd) for DFPLAYER_SendCmd
    dfplayer.o(i.DFPLAYER_SendCmd) refers to stm32f1xx_hal.o(i.HAL_Delay) for HAL_Delay
    dfplayer.o(i.DFPLAYER_SendCmd) refers to stm32f1xx_hal_uart.o(i.HAL_UART_Transmit) for HAL_UART_Transmit
    dfplayer.o(i.DFPLAYER_SetVolume) refers to dfplayer.o(i.DFPLAYER_SendCmd) for DFPLAYER_SendCmd
    dfplayer.o(i.DFPLAYER_Stop) refers to dfplayer.o(i.DFPLAYER_SendCmd) for DFPLAYER_SendCmd
    main.o(i.GetColor) refers to fflt_clz.o(x$fpl$fflt) for __aeabi_i2f
    main.o(i.GetColor) refers to fmul.o(x$fpl$fmul) for __aeabi_fmul
    main.o(i.GetColor) refers to ffix.o(x$fpl$ffix) for __aeabi_f2iz
    main.o(i.GetColor) refers to faddsub_clz.o(x$fpl$fadd) for __aeabi_fadd
    main.o(i.GetColor) refers to main.o(.bss) for .bss
    main.o(i.HAL_TIM_PeriodElapsedCallback) refers to main.o(i.TSC_WB) for TSC_WB
    main.o(i.HAL_TIM_PeriodElapsedCallback) refers to main.o(.bss) for .bss
    main.o(i.HAL_TIM_PeriodElapsedCallback) refers to main.o(.data) for .data
    main.o(i.MX_TIM2_Init) refers to rt_memclr_w.o(.text) for __aeabi_memclr4
    main.o(i.MX_TIM2_Init) refers to stm32f1xx_hal_tim.o(i.HAL_TIM_Base_Init) for HAL_TIM_Base_Init
    main.o(i.MX_TIM2_Init) refers to stm32f1xx_hal_tim.o(i.HAL_TIM_SlaveConfigSynchro) for HAL_TIM_SlaveConfigSynchro
    main.o(i.MX_TIM2_Init) refers to stm32f1xx_hal_tim_ex.o(i.HAL_TIMEx_MasterConfigSynchronization) for HAL_TIMEx_MasterConfigSynchronization
    main.o(i.MX_TIM2_Init) refers to main.o(.bss) for .bss
    main.o(i.MX_TIM3_Init) refers to stm32f1xx_hal_tim.o(i.HAL_TIM_Base_Init) for HAL_TIM_Base_Init
    main.o(i.MX_TIM3_Init) refers to stm32f1xx_hal_tim.o(i.HAL_TIM_ConfigClockSource) for HAL_TIM_ConfigClockSource
    main.o(i.MX_TIM3_Init) refers to stm32f1xx_hal_tim_ex.o(i.HAL_TIMEx_MasterConfigSynchronization) for HAL_TIMEx_MasterConfigSynchronization
    main.o(i.MX_TIM3_Init) refers to main.o(.bss) for .bss
    main.o(i.SystemClock_Config) refers to rt_memclr_w.o(.text) for __aeabi_memclr4
[...]
    i.TSC_WB                                 0x08002640   Section        0  main.o(i.TSC_WB)
    i.UART_SetConfig                         0x08002654   Section        0  stm32f1xx_hal_uart.o(i.UART_SetConfig)
    UART_SetConfig                           0x08002655   Thumb Code   178  stm32f1xx_hal_uart.o(i.UART_SetConfig)
    i.UART_WaitOnFlagUntilTimeout            0x0800270c   Section        0  stm32f1xx_hal_uart.o(i.UART_WaitOnFlagUntilTimeout)
    UART_WaitOnFlagUntilTimeout              0x0800270d   Thumb Code   100  stm32f1xx_hal_uart.o(i.UART_WaitOnFlagUntilTimeout)
    i.USBD_CDC_DataIn                        0x08002770   Section        0  usbd_cdc.o(i.USBD_CDC_DataIn)
    USBD_CDC_DataIn                          0x08002771   Thumb Code    70  usbd_cdc.o(i.USBD_CDC_DataIn)
    i.USBD_CDC_DataOut                       0x080027b6   Section        0  usbd_cdc.o(i.USBD_CDC_DataOut)
    USBD_CDC_DataOut                         0x080027b7   Thumb Code    46  usbd_cdc.o(i.USBD_CDC_DataOut)
    i.USBD_CDC_DeInit                        0x080027e4   Section        0  usbd_cdc.o(i.USBD_CDC_DeInit)
    USBD_CDC_DeInit                          0x080027e5   Thumb Code    68  usbd_cdc.o(i.USBD_CDC_DeInit)
    i.USBD_CDC_EP0_RxReady                   0x08002828   Section        0  usbd_cdc.o(i.USBD_CDC_EP0_RxReady)
    USBD_CDC_EP0_RxReady                     0x08002829   Thumb Code    36  usbd_cdc.o(i.USBD_CDC_EP0_RxReady)
    i.USBD_CDC_GetDeviceQualifierDescriptor  0x0800284c   Section        0  usbd_cdc.o(i.USBD_CDC_GetDeviceQualifierDescriptor)
    i.USBD_CDC_GetFSCfgDesc                  0x08002858   Section        0  usbd_cdc.o(i.USBD_CDC_GetFSCfgDesc)
    USBD_CDC_GetFSCfgDesc                    0x08002859   Thumb Code     8  usbd_cdc.o(i.USBD_CDC_GetFSCfgDesc)
    i.USBD_CDC_GetHSCfgDesc                  0x08002864   Section        0  usbd_cdc.o(i.USBD_CDC_GetHSCfgDesc)
    USBD_CDC_GetHSCfgDesc                    0x08002865   Thumb Code     8  usbd_cdc.o(i.USBD_CDC_GetHSCfgDesc)
    i.USBD_CDC_GetOtherSpeedCfgDesc          0x08002870   Section        0  usbd_cdc.o(i.USBD_CDC_GetOtherSpeedCfgDesc)
    USBD_CDC_GetOtherSpeedCfgDesc            0x08002871   Thumb Code     8  usbd_cdc.o(i.USBD_CDC_GetOtherSpeedCfgDesc)
    i.USBD_CDC_Init                          0x0800287c   Section        0  usbd_cdc.o(i.USBD_CDC_Init)
    USBD_CDC_Init                            0x0800287d   Thumb Code   148  usbd_cdc.o(i.USBD_CDC_Init)
    i.USBD_CDC_ReceivePacket                 0x08002910   Section        0  usbd_cdc.o(i.USBD_CDC_ReceivePacket)
    i.USBD_CDC_RegisterInterface             0x08002938   Section        0  usbd_cdc.o(i.USBD_CDC_RegisterInterface)
    i.USBD_CDC_SetRxBuffer                   0x08002948   Section        0  usbd_cdc.o(i.USBD_CDC_SetRxBuffer)
    i.USBD_CDC_SetTxBuffer                   0x08002954   Section        0  usbd_cdc.o(i.USBD_CDC_SetTxBuffer)
    i.USBD_CDC_Setup                         0x08002964   Section        0  usbd_cdc.o(i.USBD_CDC_Setup)
    USBD_CDC_Setup                           0x08002965   Thumb Code   172  usbd_cdc.o(i.USBD_CDC_Setup)
    i.USBD_CDC_TransmitPacket                0x08002a10   Section        0  usbd_cdc.o(i.USBD_CDC_TransmitPacket)
    i.USBD_ClrClassConfig                    0x08002a46   Section        0  usbd_core.o(i.USBD_ClrClassConfig)
    i.USBD_CtlContinueRx                     0x08002a54   Section        0  usbd_ioreq.o(i.USBD_CtlContinueRx)
    i.USBD_CtlContinueSendData               0x08002a64   Section        0  usbd_ioreq.o(i.USBD_CtlContinueSendData)
    i.USBD_CtlError                          0x08002a74   Section        0  usbd_ctlreq.o(i.USBD_CtlError)
    i.USBD_CtlPrepareRx                      0x08002a8a   Section        0  usbd_ioreq.o(i.USBD_CtlPrepareRx)
    i.USBD_CtlReceiveStatus                  0x08002aa8   Section        0  usbd_ioreq.o(i.USBD_CtlReceiveStatus)
    i.USBD_CtlSendData                       0x08002abe   Section        0  usbd_ioreq.o(i.USBD_CtlSendData)
    i.USBD_CtlSendStatus                     0x08002ad8   Section        0  usbd_ioreq.o(i.USBD_CtlSendStatus)
    i.USBD_FS_ConfigStrDescriptor            0x08002af0   Section        0  usbd_desc.o(i.USBD_FS_ConfigStrDescriptor)
    i.USBD_FS_DeviceDescriptor               0x08002b10   Section        0  usbd_desc.o(i.USBD_FS_DeviceDescriptor)
    i.USBD_FS_InterfaceStrDescriptor         0x08002b1c   Section        0  usbd_desc.o(i.USBD_FS_InterfaceStrDescriptor)
    i.USBD_FS_LangIDStrDescriptor            0x08002b40   Section        0  usbd_desc.o(i.USBD_FS_LangIDStrDescriptor)
    i.USBD_FS_ManufacturerStrDescriptor      0x08002b4c   Section        0  usbd_desc.o(i.USBD_FS_ManufacturerStrDescriptor)
    i.USBD_FS_ProductStrDescriptor           0x08002b74   Section        0  usbd_desc.o(i.USBD_FS_ProductStrDescriptor)
    i.USBD_FS_SerialStrDescriptor            0x08002ba0   Section        0  usbd_desc.o(i.USBD_FS_SerialStrDescriptor)
    i.USBD_GetDescriptor                     0x08002bd8   Section        0  usbd_ctlreq.o(i.USBD_GetDescriptor)
    USBD_GetDescriptor                       0x08002bd9   Thumb Code   232  usbd_ctlreq.o(i.USBD_GetDescriptor)
    i.USBD_GetString                         0x08002cc0   Section        0  usbd_ctlreq.o(i.USBD_GetString)
    i.USBD_Get_USB_Status                    0x08002d08   Section        0  usbd_conf.o(i.USBD_Get_USB_Status)
    USBD_Get_USB_Status                      0x08002d09   Thumb Code    24  usbd_conf.o(i.USBD_Get_USB_Status)
    i.USBD_Init                              0x08002d20   Section        0  usbd_core.o(i.USBD_Init)
    i.USBD_LL_ClearStallEP                   0x08002d4a   Section        0  usbd_conf.o(i.USBD_LL_ClearStallEP)
    i.USBD_LL_CloseEP                        0x08002d5c   Section        0  usbd_conf.o(i.USBD_LL_CloseEP)
    i.USBD_LL_DataInStage                    0x08002d6e   Section        0  usbd_core.o(i.USBD_LL_DataInStage)
    i.USBD_LL_DataOutStage                   0x08002e34   Section        0  usbd_core.o(i.USBD_LL_DataOutStage)
    i.USBD_LL_GetRxDataSize                  0x08002eb6   Section        0  usbd_conf.o(i.USBD_LL_GetRxDataSize)
    i.USBD_LL_Init                           0x08002ec0   Section        0  usbd_conf.o(i.USBD_LL_Init)
    i.USBD_LL_IsStallEP                      0x08002f40   Section        0  usbd_conf.o(i.USBD_LL_IsStallEP)
    i.USBD_LL_OpenEP                         0x08002f60   Section        0  usbd_conf.o(i.USBD_LL_OpenEP)
    i.USBD_LL_PrepareReceive                 0x08002f78   Section        0  usbd_conf.o(i.USBD_LL_PrepareReceive)
    i.USBD_LL_Reset                          0x08002f8a   Section        0  usbd_core.o(i.USBD_LL_Reset)
    i.USBD_LL_Resume                         0x08002fda   Section        0  usbd_core.o(i.USBD_LL_Resume)
    i.USBD_LL_SOF                            0x08002fee   Section        0  usbd_core.o(i.USBD_LL_SOF)
    i.USBD_LL_SetSpeed                       0x08003006   Section        0  usbd_core.o(i.USBD_LL_SetSpeed)
    i.USBD_LL_SetUSBAddress                  0x0800300c   Section        0  usbd_conf.o(i.USBD_LL_SetUSBAddress)
    i.USBD_LL_SetupStage                     0x0800301e   Section        0  usbd_core.o(i.USBD_LL_SetupStage)
    i.USBD_LL_StallEP                        0x08003078   Section        0  usbd_conf.o(i.USBD_LL_StallEP)
    i.USBD_LL_Start                          0x0800308a   Section        0  usbd_conf.o(i.USBD_LL_Start)
    i.USBD_LL_Suspend                        0x0800309c   Section        0  usbd_core.o(i.USBD_LL_Suspend)
    i.USBD_LL_Transmit                       0x080030ae   Section        0  usbd_conf.o(i.USBD_LL_Transmit)
    i.USBD_ParseSetupRequest                 0x080030c0   Section        0  usbd_ctlreq.o(i.USBD_ParseSetupRequest)
    i.USBD_RegisterClass                     0x080030e8   Section        0  usbd_core.o(i.USBD_RegisterClass)
    i.USBD_SetClassConfig                    0x080030f8   Section        0  usbd_core.o(i.USBD_SetClassConfig)
    i.USBD_SetConfig                         0x08003110   Section        0  usbd_ctlreq.o(i.USBD_SetConfig)
    USBD_SetConfig                           0x08003111   Thumb Code   128  usbd_ctlreq.o(i.USBD_SetConfig)
    i.USBD_Start                             0x08003194   Section        0  usbd_core.o(i.USBD_Start)
    i.USBD_StdDevReq                         0x0800319e   Section        0  usbd_ctlreq.o(i.USBD_StdDevReq)
    i.USBD_StdEPReq                          0x080032b0   Section        0  usbd_ctlreq.o(i.USBD_StdEPReq)
    i.USBD_StdItfReq                         0x08003400   Section        0  usbd_ctlreq.o(i.USBD_StdItfReq)
    i.USBD_static_free                       0x0800344e   Section        0  usbd_conf.o(i.USBD_static_free)
    i.USBD_static_malloc                     0x08003450   Section        0  usbd_conf.o(i.USBD_static_malloc)
    i.USB_ActivateEndpoint                   0x08003458   Section        0  stm32f1xx_ll_usb.o(i.USB_ActivateEndpoint)
    i.USB_CoreInit                           0x080036b0   Section        0  stm32f1xx_ll_usb.o(i.USB_CoreInit)
    i.USB_DeactivateEndpoint                 0x080036b4   Section        0  stm32f1xx_ll_usb.o(i.USB_DeactivateEndpoint)
    i.USB_DevConnect                         0x080037c2   Section        0  stm32f1xx_ll_usb.o(i.USB_DevConnect)
    i.USB_DevDisconnect                      0x080037c6   Section        0  stm32f1xx_ll_usb.o(i.USB_DevDisconnect)
    i.USB_DevInit                            0x080037ca   Section        0  stm32f1xx_ll_usb.o(i.USB_DevInit)
    i.USB_DisableGlobalInt                   0x080037dc   Section        0  stm32f1xx_ll_usb.o(i.USB_DisableGlobalInt)
    i.USB_EP0_OutStart                       0x080037ea   Section        0  stm32f1xx_ll_usb.o(i.USB_EP0_OutStart)
    i.USB_EPClearStall                       0x080037ee   Section        0  stm32f1xx_ll_usb.o(i.USB_EPClearStall)
    i.USB_EPSetStall                         0x08003866   Section        0  stm32f1xx_ll_usb.o(i.USB_EPSetStall)
    i.USB_EPStartXfer                        0x08003898   Section        0  stm32f1xx_ll_usb.o(i.USB_EPStartXfer)
    i.USB_EnableGlobalInt                    0x08003ea4   Section        0  stm32f1xx_ll_usb.o(i.USB_EnableGlobalInt)
    i.USB_LP_CAN1_RX0_IRQHandler             0x08003eb8   Section        0  stm32f1xx_it.o(i.USB_LP_CAN1_RX0_IRQHandler)
    i.USB_ReadInterrupts                     0x08003ec4   Section        0  stm32f1xx_ll_usb.o(i.USB_ReadInterrupts)
    i.USB_ReadPMA                            0x08003ecc   Section        0  stm32f1xx_ll_usb.o(i.USB_ReadPMA)
    i.USB_SetCurrentMode                     0x08003ef8   Section        0  stm32f1xx_ll_usb.o(i.USB_SetCurrentMode)
    i.USB_SetDevAddress                      0x08003efc   Section        0  stm32f1xx_ll_usb.o(i.USB_SetDevAddress)
    i.USB_WritePMA                           0x08003f08   Section        0  stm32f1xx_ll_usb.o(i.USB_WritePMA)
    i.UsageFault_Handler                     0x08003f2e   Section        0  stm32f1xx_it.o(i.UsageFault_Handler)
    i.__NVIC_SetPriority                     0x08003f30   Section        0  stm32f1xx_hal_cortex.o(i.__NVIC_SetPriority)
    __NVIC_SetPriority                       0x08003f31   Thumb Code    32  stm32f1xx_hal_cortex.o(i.__NVIC_SetPriority)
    i.filter                                 0x08003f50   Section        0  main.o(i.filter)
    i.main                                   0x08003fb8   Section        0  main.o(i.main)
    x$fpl$d2f                                0x08004574   Section       98  d2f.o(x$fpl$d2f)
    x$fpl$ddiv                               0x080045d8   Section      688  ddiv.o(x$fpl$ddiv)
    ddiv_entry                               0x080045df   Thumb Code     0  ddiv.o(x$fpl$ddiv)
    x$fpl$dflt                               0x08004888   Section       46  dflt_clz.o(x$fpl$dflt)
    x$fpl$dnaninf                            0x080048b6   Section      156  dnaninf.o(x$fpl$dnaninf)
    x$fpl$dretinf                            0x08004952   Section       12  dretinf.o(x$fpl$dretinf)
    x$fpl$fadd                               0x08004960   Section      196  faddsub_clz.o(x$fpl$fadd)
    _fadd1                                   0x0800496f   Thumb Code     0  faddsub_clz.o(x$fpl$fadd)
    x$fpl$ffix                               0x08004a24   Section       54  ffix.o(x$fpl$ffix)
    x$fpl$fflt                               0x08004a5c   Section       48  fflt_clz.o(x$fpl$fflt)
    x$fpl$fmul                               0x08004a8c   Section      258  fmul.o(x$fpl$fmul)
    x$fpl$fnaninf                            0x08004b8e   Section      140  fnaninf.o(x$fpl$fnaninf)
    x$fpl$fretinf                            0x08004c1a   Section       10  fretinf.o(x$fpl$fretinf)
    x$fpl$fsub                               0x08004c24   Section      234  faddsub_clz.o(x$fpl$fsub)
    _fsub1                                   0x08004c33   Thumb Code     0  faddsub_clz.o(x$fpl$fsub)
    .constdata                               0x08004d0e   Section       16  system_stm32f1xx.o(.constdata)
    x$fpl$usenofp                            0x08004d0e   Section        0  usenofp.o(x$fpl$usenofp)
    .constdata                               0x08004d1e   Section        8  system_stm32f1xx.o(.constdata)
    .data                                    0x20000000   Section       10  dfplayer.o(.data)
    .data                                    0x2000000c   Section       12  main.o(.data)
    .data                                    0x20000018   Section       12  stm32f1xx_hal.o(.data)
    .data                                    0x20000024   Section        4  system_stm32f1xx.o(.data)
    .data                                    0x20000028   Section       28  usbd_desc.o(.data)
    .data                                    0x20000044   Section       50  usbd_desc.o(.data)
    .data                                    0x20000078   Section       16  usbd_cdc_if.o(.data)
    .data                                    0x20000088   Section        1  usbd_ctlreq.o(.data)
    cfgidx                                   0x20000088   Data           1  usbd_ctlreq.o(.data)
    .data                                    0x2000008c   Section      215  usbd_cdc.o(.data)
    USBD_CDC_DeviceQualifierDesc             0x2000008c   Data          10  usbd_cdc.o(.data)
    .data                                    0x20000164   Section       56  usbd_cdc.o(.data)
    .bss                                     0x2000019c   Section      452  main.o(.bss)
    .bss                                     0x20000360   Section      708  usb_device.o(.bss)
    .bss                                     0x20000624   Section      512  usbd_desc.o(.bss)
    .bss                                     0x20000824   Section     2048  usbd_cdc_if.o(.bss)
    .bss                                     0x20001024   Section     1292  usbd_conf.o(.bss)
    mem                                      0x20001024   Data         544  usbd_conf.o(.bss)
    .bss                                     0x20001530   Section       96  libspace.o(.bss)
    HEAP                                     0x20001590   Section      512  startup_stm32f103xb.o(HEAP)
    Heap_Mem                                 0x20001590   Data         512  startup_stm32f103xb.o(HEAP)
    STACK                                    0x20001790   Section     1024  startup_stm32f103xb.o(STACK)
    Stack_Mem                                0x20001790   Data        1024  startup_stm32f103xb.o(STACK)
    __initial_sp                             0x20001b90   Data           0  startup_stm32f103xb.o(STACK)

    Global Symbols

    Symbol Name                              Value     Ov Type        Size  Object(Section)

    BuildAttributes$$THM_ISAv4$P$D$K$B$S$PE$A:L22UL41UL21$X:L11$S22US41US21$IEEE1$IW$USESV6$~STKCKD$USESV7$~SHL$OSPACE$ROPI$EBA8$UX$STANDARDLIB$REQ8$PRES8$EABIv2 0x00000000   Number         0  anon$$obj.o ABSOLUTE
    __ARM_use_no_argv                        0x00000000   Number         0  main.o ABSOLUTE
    __ARM_exceptions_init                     - Undefined Weak Reference
    __alloca_initialize                       - Undefined Weak Reference
    __arm_preinit_                            - Undefined Weak Reference
    __cpp_initialize__aeabi_                  - Undefined Weak Reference
    __cxa_finalize                            - Undefined Weak Reference
    __rt_locale                               - Undefined Weak Reference
    __sigvec_lookup                           - Undefined Weak Reference
    _atexit_init                              - Undefined Weak Reference
    _call_atexit_fns                          - Undefined Weak Reference
    _clock_init                               - Undefined Weak Reference
    _fp_trap_init                             - Undefined Weak Reference
    _fp_trap_shutdown                         - Undefined Weak Reference
    _get_lc_collate                           - Undefined Weak Reference
    _get_lc_ctype                             - Undefined Weak Reference
    _get_lc_monetary                          - Undefined Weak Reference
    _get_lc_numeric                           - Undefined Weak Reference
    _get_lc_time                              - Undefined Weak Reference
    _getenv_init                              - Undefined Weak Reference
    _handle_redirection                       - Undefined Weak Reference
    _init_alloc                               - Undefined Weak Reference
    _init_user_alloc                          - Undefined Weak Reference
    _initio                                   - Undefined Weak Reference
    _printf_post_padding                      - Undefined Weak Reference
    _printf_pre_padding                       - Undefined Weak Reference
    _printf_truncate_signed                   - Undefined Weak Reference
    _printf_truncate_unsigned                 - Undefined Weak Reference
    _rand_init                                - Undefined Weak Reference
    _signal_finish                            - Undefined Weak Reference
    _signal_init                              - Undefined Weak Reference
    _terminate_alloc                          - Undefined Weak Reference
    _terminate_user_alloc                     - Undefined Weak Reference
    _terminateio                              - Undefined Weak Reference
    __Vectors_Size                           0x000000ec   Number         0  startup_stm32f103xb.o ABSOLUTE
    __Vectors                                0x08000000   Data           4  startup_stm32f103xb.o(RESET)
    __Vectors_End                            0x080000ec   Data           0  startup_stm32f103xb.o(RESET)
    __main                                   0x080000ed   Thumb Code     8  __main.o(!!!main)
    __scatterload                            0x080000f5   Thumb Code     0  __scatter.o(!!!scatter)
    __scatterload_rt2                        0x080000f5   Thumb Code    44  __scatter.o(!!!scatter)
    __scatterload_rt2_thumb_only             0x080000f5   Thumb Code     0  __scatter.o(!!!scatter)
    __scatterload_null                       0x08000103   Thumb Code     0  __scatter.o(!!!scatter)
    __decompress                             0x08000129   Thumb Code    90  __dczerorl2.o(!!dczerorl2)
    __decompress1                            0x08000129   Thumb Code     0  __dczerorl2.o(!!dczerorl2)
    __scatterload_zeroinit                   0x08000185   Thumb Code    28  __scatter_zi.o(!!handler_zi)
    _printf_d                                0x080001a1   Thumb Code     0  _printf_d.o(.ARM.Collect$$_printf_percent$$00000009)
    _printf_percent                          0x080001a1   Thumb Code     0  _printf_percent.o(.ARM.Collect$$_printf_percent$$00000000)
    _printf_percent_end                      0x080001a7   Thumb Code     0  _printf_percent_end.o(.ARM.Collect$$_printf_percent$$00000017)
    __rt_lib_init                            0x080001ab   Thumb Code     0  libinit.o(.ARM.Collect$$libinit$$00000000)
    __rt_lib_init_alloca_1                   0x080001ad   Thumb Code     0  libinit2.o(.ARM.Collect$$libinit$$0000002E)
    __rt_lib_init_argv_1                     0x080001ad   Thumb Code     0  libinit2.o(.ARM.Collect$$libinit$$0000002C)
    __rt_lib_init_atexit_1                   0x080001ad   Thumb Code     0  libinit2.o(.ARM.Collect$$libinit$$0000001B)
    __rt_lib_init_clock_1                    0x080001ad   Thumb Code     0  libinit2.o(.ARM.Collect$$libinit$$00000021)
    __rt_lib_init_cpp_1                      0x080001ad   Thumb Code     0  libinit2.o(.ARM.Collect$$libinit$$00000032)
    __rt_lib_init_exceptions_1               0x080001ad   Thumb Code     0  libinit2.o(.ARM.Collect$$libinit$$00000030)
    __rt_lib_init_fp_1                       0x080001ad   Thumb Code     0  libinit2.o(.ARM.Collect$$libinit$$00000002)
    __rt_lib_init_fp_trap_1                  0x080001ad   Thumb Code     0  libinit2.o(.ARM.Collect$$libinit$$0000001F)
    __rt_lib_init_getenv_1                   0x080001ad   Thumb Code     0  libinit2.o(.ARM.Collect$$libinit$$00000023)
    __rt_lib_init_heap_1                     0x080001ad   Thumb Code     0  libinit2.o(.ARM.Collect$$libinit$$0000000A)
    __rt_lib_init_lc_collate_1               0x080001ad   Thumb Code     0  libinit2.o(.ARM.Collect$$libinit$$00000011)
    __rt_lib_init_lc_ctype_1                 0x080001ad   Thumb Code     0  libinit2.o(.ARM.Collect$$libinit$$00000013)
    __rt_lib_init_lc_monetary_1              0x080001ad   Thumb Code     0  libinit2.o(.ARM.Collect$$libinit$$00000015)
    __rt_lib_init_lc_numeric_1               0x080001ad   Thumb Code     0  libinit2.o(.ARM.Collect$$libinit$$00000017)
    __rt_lib_init_lc_time_1                  0x080001ad   Thumb Code     0  libinit2.o(.ARM.Collect$$libinit$$00000019)
    __rt_lib_init_preinit_1                  0x080001ad   Thumb Code     0  libinit2.o(.ARM.Collect$$libinit$$00000004)
    __rt_lib_init_rand_1                     0x080001ad   Thumb Code     0  libinit2.o(.ARM.Collect$$libinit$$0000000E)
    __rt_lib_init_return                     0x080001ad   Thumb Code     0  libinit2.o(.ARM.Collect$$libinit$$00000033)
    __rt_lib_init_signal_1                   0x080001ad   Thumb Code     0  libinit2.o(.ARM.Collect$$libinit$$0000001D)
    __rt_lib_init_stdio_1                    0x080001ad   Thumb Code     0  libinit2.o(.ARM.Collect$$libinit$$00000025)
    __rt_lib_init_user_alloc_1               0x080001ad   Thumb Code     0  libinit2.o(.ARM.Collect$$libinit$$0000000C)
    __rt_lib_shutdown                        0x080001af   Thumb Code     0  libshutdown.o(.ARM.Collect$$libshutdown$$00000000)
    __rt_lib_shutdown_cpp_1                  0x080001b1   Thumb Code     0  libshutdown2.o(.ARM.Collect$$libshutdown$$00000002)
    __rt_lib_shutdown_fp_trap_1              0x080001b1   Thumb Code     0  libshutdown2.o(.ARM.Collect$$libshutdown$$00000007)
    __rt_lib_shutdown_heap_1                 0x080001b1   Thumb Code     0  libshutdown2.o(.ARM.Collect$$libshutdown$$0000000F)
    __rt_lib_shutdown_return                 0x080001b1   Thumb Code     0  libshutdown2.o(.ARM.Collect$$libshutdown$$00000010)
    __rt_lib_shutdown_signal_1               0x080001b1   Thumb Code     0  libshutdown2.o(.ARM.Collect$$libshutdown$$0000000A)
    __rt_lib_shutdown_stdio_1                0x080001b1   Thumb Code     0  libshutdown2.o(.ARM.Collect$$libshutdown$$00000004)
    __rt_lib_shutdown_user_alloc_1           0x080001b1   Thumb Code     0  libshutdown2.o(.ARM.Collect$$libshutdown$$0000000C)
    __rt_entry                               0x080001b3   Thumb Code     0  __rtentry.o(.ARM.Collect$$rtentry$$00000000)
    __rt_entry_presh_1                       0x080001b3   Thumb Code     0  __rtentry2.o(.ARM.Collect$$rtentry$$00000002)
    __rt_entry_sh                            0x080001b3   Thumb Code     0  __rtentry4.o(.ARM.Collect$$rtentry$$00000004)
    __rt_entry_li                            0x080001b9   Thumb Code     0  __rtentry2.o(.ARM.Collect$$rtentry$$0000000A)
    __rt_entry_postsh_1                      0x080001b9   Thumb Code     0  __rtentry2.o(.ARM.Collect$$rtentry$$00000009)
    __rt_entry_main                          0x080001bd   Thumb Code     0  __rtentry2.o(.ARM.Collect$$rtentry$$0000000D)
    __rt_entry_postli_1                      0x080001bd   Thumb Code     0  __rtentry2.o(.ARM.Collect$$rtentry$$0000000C)
    __rt_exit                                0x080001c5   Thumb Code     0  rtexit.o(.ARM.Collect$$rtexit$$00000000)
    __rt_exit_ls                             0x080001c7   Thumb Code     0  rtexit2.o(.ARM.Collect$$rtexit$$00000003)
    __rt_exit_prels_1                        0x080001c7   Thumb Code     0  rtexit2.o(.ARM.Collect$$rtexit$$00000002)
    __rt_exit_exit                           0x080001cb   Thumb Code     0  rtexit2.o(.ARM.Collect$$rtexit$$00000004)
    Reset_Handler                            0x080001d1   Thumb Code     8  startup_stm32f103xb.o(.text)
    ADC1_2_IRQHandler                        0x080001eb   Thumb Code     0  startup_stm32f103xb.o(.text)
    CAN1_RX1_IRQHandler                      0x080001eb   Thumb Code     0  startup_stm32f103xb.o(.text)
    CAN1_SCE_IRQHandler                      0x080001eb   Thumb Code     0  startup_stm32f103xb.o(.text)
    DMA1_Channel1_IRQHandler                 0x080001eb   Thumb Code     0  startup_stm32f103xb.o(.text)
    DMA1_Channel2_IRQHandler                 0x080001eb   Thumb Code     0  startup_stm32f103xb.o(.text)
    DMA1_Channel3_IRQHandler                 0x080001eb   Thumb Code     0  startup_stm32f103xb.o(.text)
    DMA1_Channel4_IRQHandler                 0x080001eb   Thumb Code     0  startup_stm32f103xb.o(.text)
    DMA1_Channel5_IRQHandler                 0x080001eb   Thumb Code     0  startup_stm32f103xb.o(.text)
    DMA1_Channel6_IRQHandler                 0x080001eb   Thumb Code     0  startup_stm32f103xb.o(.text)
    DMA1_Channel7_IRQHandler                 0x080001eb   Thumb Code     0  startup_stm32f103xb.o(.text)
    EXTI0_IRQHandler                         0x080001eb   Thumb Code     0  startup_stm32f103xb.o(.text)
    EXTI15_10_IRQHandler                     0x080001eb   Thumb Code     0  startup_stm32f103xb.o(.text)
    EXTI1_IRQHandler                         0x080001eb   Thumb Code     0  startup_stm32f103xb.o(.text)
    EXTI2_IRQHandler                         0x080001eb   Thumb Code     0  startup_stm32f103xb.o(.text)
    EXTI3_IRQHandler                         0x080001eb   Thumb Code     0  startup_stm32f103xb.o(.text)
    EXTI4_IRQHandler                         0x080001eb   Thumb Code     0  startup_stm32f103xb.o(.text)
    EXTI9_5_IRQHandler                       0x080001eb   Thumb Code     0  startup_stm32f103xb.o(.text)
    FLASH_IRQHandler                         0x080001eb   Thumb Code     0  startup_stm32f103xb.o(.text)
    I2C1_ER_IRQHandler                       0x080001eb   Thumb Code     0  startup_stm32f103xb.o(.text)
    I2C1_EV_IRQHandler                       0x080001eb   Thumb Code     0  startup_stm32f103xb.o(.text)
    I2C2_ER_IRQHandler                       0x080001eb   Thumb Code     0  startup_stm32f103xb.o(.text)
    I2C2_EV_IRQHandler                       0x080001eb   Thumb Code     0  startup_stm32f103xb.o(.text)
    PVD_IRQHandler                           0x080001eb   Thumb Code     0  startup_stm32f103xb.o(.text)
    RCC_IRQHandler                           0x080001eb   Thumb Code     0  startup_stm32f103xb.o(.text)
    RTC_Alarm_IRQHandler                     0x080001eb   Thumb Code     0  startup_stm32f103xb.o(.text)
    RTC_IRQHandler                           0x080001eb   Thumb Code     0  startup_stm32f103xb.o(.text)
    SPI1_IRQHandler                          0x080001eb   Thumb Code     0  startup_stm32f103xb.o(.text)
    SPI2_IRQHandler                          0x080001eb   Thumb Code     0  startup_stm32f103xb.o(.text)
    TAMPER_IRQHandler                        0x080001eb   Thumb Code     0  startup_stm32f103xb.o(.text)
    TIM1_BRK_IRQHandler                      0x080001eb   Thumb Code     0  startup_stm32f103xb.o(.text)
    TIM1_CC_IRQHandler                       0x080001eb   Thumb Code     0  startup_stm32f103xb.o(.text)
    TIM1_TRG_COM_IRQHandler                  0x080001eb   Thumb Code     0  startup_stm32f103xb.o(.text)
    TIM1_UP_IRQHandler                       0x080001eb   Thumb Code     0  startup_stm32f103xb.o(.text)
    TIM2_IRQHandler                          0x080001eb   Thumb Code     0  startup_stm32f103xb.o(.text)
    TIM4_IRQHandler                          0x080001eb   Thumb Code     0  startup_stm32f103xb.o(.text)
    USART1_IRQHandler                        0x080001eb   Thumb Code     0  startup_stm32f103xb.o(.text)
    USART2_IRQHandler                        0x080001eb   Thumb Code     0  startup_stm32f103xb.o(.text)
    USART3_IRQHandler                        0x080001eb   Thumb Code     0  startup_stm32f103xb.o(.text)
    USBWakeUp_IRQHandler                     0x080001eb   Thumb Code     0  startup_stm32f103xb.o(.text)
    USB_HP_CAN1_TX_IRQHandler                0x080001eb   Thumb Code     0  startup_stm32f103xb.o(.text)
    WWDG_IRQHandler                          0x080001eb   Thumb Code     0  startup_stm32f103xb.o(.text)
    __user_initial_stackheap                 0x080001ed   Thumb Code     0  startup_stm32f103xb.o(.text)
    __2sprintf                               0x08000211   Thumb Code    34  noretval__2sprintf.o(.text)
    __printf                                 0x08000239   Thumb Code   104  __printf.o(.text)
    _printf_int_dec                          0x080002a1   Thumb Code   104  _printf_dec.o(.text)
    strlen                                   0x08000319   Thumb Code    62  strlen.o(.text)
    __aeabi_memcpy4                          0x08000357   Thumb Code     0  rt_memcpy_w.o(.text)
    __aeabi_memcpy8                          0x08000357   Thumb Code     0  rt_memcpy_w.o(.text)
    __rt_memcpy_w                            0x08000357   Thumb Code   100  rt_memcpy_w.o(.text)
    _memcpy_lastbytes_aligned                0x0800039f   Thumb Code     0  rt_memcpy_w.o(.text)
    __aeabi_memclr4                          0x080003bb   Thumb Code     0  rt_memclr_w.o(.text)
    __aeabi_memclr8                          0x080003bb   Thumb Code     0  rt_memclr_w.o(.text)
    __rt_memclr_w                            0x080003bb   Thumb Code    78  rt_memclr_w.o(.text)
    _memset_w                                0x080003bf   Thumb Code     0  rt_memclr_w.o(.text)
    __use_two_region_memory                  0x08000409   Thumb Code     2  heapauxi.o(.text)
    __rt_heap_escrow$2region                 0x0800040b   Thumb Code     2  heapauxi.o(.text)
    __rt_heap_expand$2region                 0x0800040d   Thumb Code     2  heapauxi.o(.text)
    _printf_int_common                       0x0800040f   Thumb Code   178  _printf_intcommon.o(.text)
    _printf_char_common                      0x080004cb   Thumb Code    32  _printf_char_common.o(.text)
    _sputc                                   0x080004f1   Thumb Code    10  _sputc.o(.text)
    __user_setup_stackheap                   0x080004fb   Thumb Code    74  sys_stackheap_outer.o(.text)
    exit                                     0x08000545   Thumb Code    18  exit.o(.text)
    __user_libspace                          0x08000559   Thumb Code     8  libspace.o(.text)
    __user_perproc_libspace                  0x08000559   Thumb Code     0  libspace.o(.text)
    __user_perthread_libspace                0x08000559   Thumb Code     0  libspace.o(.text)
    _sys_exit                                0x08000561   Thumb Code     8  sys_exit.o(.text)
    __I$use$semihosting                      0x0800056d   Thumb Code     0  use_no_semi.o(.text)
    __use_no_semihosting_swi                 0x0800056d   Thumb Code     2  use_no_semi.o(.text)
    BusFault_Handler                         0x0800056f   Thumb Code     2  stm32f1xx_it.o(i.BusFault_Handler)
    __semihosting_library_function           0x0800056f   Thumb Code     0  indicate_semi.o(.text)
    CDC_Transmit_FS                          0x080005b5   Thumb Code    38  usbd_cdc_if.o(i.CDC_Transmit_FS)
    DFPLAYER_Init                            0x080005e1   Thumb Code    22  dfplayer.o(i.DFPLAYER_Init)
    DFPLAYER_PlayFileInFolder                0x080005fd   Thumb Code    10  dfplayer.o(i.DFPLAYER_PlayFileInFolder)
    DFPLAYER_SetVolume                       0x0800064b   Thumb Code    10  dfplayer.o(i.DFPLAYER_SetVolume)
    DFPLAYER_Stop                            0x08000655   Thumb Code    10  dfplayer.o(i.DFPLAYER_Stop)
    DebugMon_Handler                         0x0800065f   Thumb Code     2  stm32f1xx_it.o(i.DebugMon_Handler)
    Error_Handler                            0x08000661   Thumb Code     4  main.o(i.Error_Handler)
    GetColor                                 0x08000665   Thumb Code    98  main.o(i.GetColor)
    HAL_Delay                                0x080006d1   Thumb Code    32  stm32f1xx_hal.o(i.HAL_Delay)
    HAL_GPIO_Init                            0x080006f5   Thumb Code   446  stm32f1xx_hal_gpio.o(i.HAL_GPIO_Init)
    HAL_GPIO_WritePin                        0x080008d5   Thumb Code    10  stm32f1xx_hal_gpio.o(i.HAL_GPIO_WritePin)
    HAL_GetTick                              0x080008e1   Thumb Code     6  stm32f1xx_hal.o(i.HAL_GetTick)
    HAL_IncTick                              0x080008ed   Thumb Code    12  stm32f1xx_hal.o(i.HAL_IncTick)
    HAL_Init                                 0x080008fd   Thumb Code    32  stm32f1xx_hal.o(i.HAL_Init)
    HAL_InitTick                             0x08000921   Thumb Code    54  stm32f1xx_hal.o(i.HAL_InitTick)
    HAL_MspInit                              0x08000961   Thumb Code    52  stm32f1xx_hal_msp.o(i.HAL_MspInit)
    HAL_NVIC_EnableIRQ                       0x0800099d   Thumb Code    26  stm32f1xx_hal_cortex.o(i.HAL_NVIC_EnableIRQ)
    HAL_NVIC_SetPriority                     0x080009b9   Thumb Code    60  stm32f1xx_hal_cortex.o(i.HAL_NVIC_SetPriority)
    HAL_NVIC_SetPriorityGrouping             0x080009f9   Thumb Code    26  stm32f1xx_hal_cortex.o(i.HAL_NVIC_SetPriorityGrouping)
    HAL_PCDEx_PMAConfig                      0x08000a1d   Thumb Code    60  stm32f1xx_hal_pcd_ex.o(i.HAL_PCDEx_PMAConfig)
    HAL_PCDEx_SetConnectionState             0x08000a59   Thumb Code     2  usbd_conf.o(i.HAL_PCDEx_SetConnectionState)
    HAL_PCD_DataInStageCallback              0x08000a5b   Thumb Code    18  usbd_conf.o(i.HAL_PCD_DataInStageCallback)
    HAL_PCD_DataOutStageCallback             0x08000a6d   Thumb Code    20  usbd_conf.o(i.HAL_PCD_DataOutStageCallback)
    HAL_PCD_EP_Close                         0x08000a81   Thumb Code    76  stm32f1xx_hal_pcd.o(i.HAL_PCD_EP_Close)
    HAL_PCD_EP_ClrStall                      0x08000acd   Thumb Code    92  stm32f1xx_hal_pcd.o(i.HAL_PCD_EP_ClrStall)
    HAL_PCD_EP_GetRxCount                    0x08000f3f   Thumb Code    18  stm32f1xx_hal_pcd.o(i.HAL_PCD_EP_GetRxCount)
    HAL_PCD_EP_Open                          0x08000f51   Thumb Code    96  stm32f1xx_hal_pcd.o(i.HAL_PCD_EP_Open)
    HAL_PCD_EP_Receive                       0x08000fb1   Thumb Code    50  stm32f1xx_hal_pcd.o(i.HAL_PCD_EP_Receive)
    HAL_PCD_EP_SetStall                      0x08000fe3   Thumb Code   114  stm32f1xx_hal_pcd.o(i.HAL_PCD_EP_SetStall)
    HAL_PCD_EP_Transmit                      0x08001055   Thumb Code    52  stm32f1xx_hal_pcd.o(i.HAL_PCD_EP_Transmit)
    HAL_PCD_IRQHandler                       0x08001089   Thumb Code   340  stm32f1xx_hal_pcd.o(i.HAL_PCD_IRQHandler)
    HAL_PCD_Init                             0x080011dd   Thumb Code   218  stm32f1xx_hal_pcd.o(i.HAL_PCD_Init)
    HAL_PCD_MspInit                          0x080012b9   Thumb Code    50  usbd_conf.o(i.HAL_PCD_MspInit)
    HAL_PCD_ResetCallback                    0x080012f5   Thumb Code    38  usbd_conf.o(i.HAL_PCD_ResetCallback)
    HAL_PCD_ResumeCallback                   0x0800131b   Thumb Code     8  usbd_conf.o(i.HAL_PCD_ResumeCallback)
    HAL_PCD_SOFCallback                      0x08001323   Thumb Code     8  usbd_conf.o(i.HAL_PCD_SOFCallback)
    HAL_PCD_SetAddress                       0x0800132b   Thumb Code    40  stm32f1xx_hal_pcd.o(i.HAL_PCD_SetAddress)
    HAL_PCD_SetupStageCallback               0x08001353   Thumb Code    14  usbd_conf.o(i.HAL_PCD_SetupStageCallback)
    HAL_PCD_Start                            0x08001361   Thumb Code    50  stm32f1xx_hal_pcd.o(i.HAL_PCD_Start)
    HAL_PCD_SuspendCallback                  0x08001395   Thumb Code    30  usbd_conf.o(i.HAL_PCD_SuspendCallback)
    HAL_RCCEx_PeriphCLKConfig                0x080013b9   Thumb Code   224  stm32f1xx_hal_rcc_ex.o(i.HAL_RCCEx_PeriphCLKConfig)
    HAL_RCC_ClockConfig                      0x080014a5   Thumb Code   280  stm32f1xx_hal_rcc.o(i.HAL_RCC_ClockConfig)
    HAL_RCC_GetPCLK1Freq                     0x080015d1   Thumb Code    20  stm32f1xx_hal_rcc.o(i.HAL_RCC_GetPCLK1Freq)
    HAL_RCC_GetPCLK2Freq                     0x080015f1   Thumb Code    20  stm32f1xx_hal_rcc.o(i.HAL_RCC_GetPCLK2Freq)
    HAL_RCC_GetSysClockFreq                  0x08001611   Thumb Code    74  stm32f1xx_hal_rcc.o(i.HAL_RCC_GetSysClockFreq)
    HAL_RCC_OscConfig                        0x0800167d   Thumb Code   778  stm32f1xx_hal_rcc.o(i.HAL_RCC_OscConfig)
    HAL_SYSTICK_Config                       0x0800199d   Thumb Code    40  stm32f1xx_hal_cortex.o(i.HAL_SYSTICK_Config)
    HAL_TIMEx_BreakCallback                  0x080019c5   Thumb Code     2  stm32f1xx_hal_tim_ex.o(i.HAL_TIMEx_BreakCallback)
    HAL_TIMEx_CommutCallback                 0x080019c7   Thumb Code     2  stm32f1xx_hal_tim_ex.o(i.HAL_TIMEx_CommutCallback)
    HAL_TIMEx_MasterConfigSynchronization    0x080019c9   Thumb Code    92  stm32f1xx_hal_tim_ex.o(i.HAL_TIMEx_MasterConfigSynchronization)
    HAL_TIM_Base_Init                        0x08001a31   Thumb Code    90  stm32f1xx_hal_tim.o(i.HAL_TIM_Base_Init)
    HAL_TIM_Base_MspInit                     0x08001a8d   Thumb Code   112  stm32f1xx_hal_msp.o(i.HAL_TIM_Base_MspInit)
    HAL_TIM_Base_Start_IT                    0x08001b09   Thumb Code    76  stm32f1xx_hal_tim.o(i.HAL_TIM_Base_Start_IT)
    HAL_TIM_ConfigClockSource                0x08001b61   Thumb Code   214  stm32f1xx_hal_tim.o(i.HAL_TIM_ConfigClockSource)
    HAL_TIM_IC_CaptureCallback               0x08001c37   Thumb Code     2  stm32f1xx_hal_tim.o(i.HAL_TIM_IC_CaptureCallback)
    HAL_TIM_IRQHandler                       0x08001c39   Thumb Code   358  stm32f1xx_hal_tim.o(i.HAL_TIM_IRQHandler)
    HAL_TIM_OC_DelayElapsedCallback          0x08001d9f   Thumb Code     2  stm32f1xx_hal_tim.o(i.HAL_TIM_OC_DelayElapsedCallback)
    HAL_TIM_PWM_PulseFinishedCallback        0x08001da1   Thumb Code     2  stm32f1xx_hal_tim.o(i.HAL_TIM_PWM_PulseFinishedCallback)
    HAL_TIM_PeriodElapsedCallback            0x08001da5   Thumb Code    86  main.o(i.HAL_TIM_PeriodElapsedCallback)
    HAL_TIM_SlaveConfigSynchro               0x08001e05   Thumb Code    86  stm32f1xx_hal_tim.o(i.HAL_TIM_SlaveConfigSynchro)
    HAL_TIM_TriggerCallback                  0x08001e5b   Thumb Code     2  stm32f1xx_hal_tim.o(i.HAL_TIM_TriggerCallback)
    HAL_UART_Init                            0x08001e5d   Thumb Code    98  stm32f1xx_hal_uart.o(i.HAL_UART_Init)
    HAL_UART_MspInit                         0x08001ec1   Thumb Code   100  stm32f1xx_hal_msp.o(i.HAL_UART_MspInit)
    HAL_UART_Transmit                        0x08001f31   Thumb Code   178  stm32f1xx_hal_uart.o(i.HAL_UART_Transmit)
    HardFault_Handler                        0x08001fe3   Thumb Code     2  stm32f1xx_it.o(i.HardFault_Handler)
    MX_USB_DEVICE_Init                       0x080020ed   Thumb Code    66  usb_device.o(i.MX_USB_DEVICE_Init)
    MemManage_Handler                        0x08002141   Thumb Code     2  stm32f1xx_it.o(i.MemManage_Handler)
    NMI_Handler                              0x08002143   Thumb Code     2  stm32f1xx_it.o(i.NMI_Handler)
    PendSV_Handler                           0x08002459   Thumb Code     2  stm32f1xx_it.o(i.PendSV_Handler)
    SVC_Handler                              0x0800245b   Thumb Code     2  stm32f1xx_it.o(i.SVC_Handler)
    SysTick_Handler                          0x0800245d   Thumb Code     4  stm32f1xx_it.o(i.SysTick_Handler)
    SystemClock_Config                       0x08002461   Thumb Code   118  main.o(i.SystemClock_Config)
    SystemInit                               0x080024d7   Thumb Code     2  system_stm32f1xx.o(i.SystemInit)
    TIM3_IRQHandler                          0x080024d9   Thumb Code     6  stm32f1xx_it.o(i.TIM3_IRQHandler)
    TIM_Base_SetConfig                       0x080024e5   Thumb Code    94  stm32f1xx_hal_tim.o(i.TIM_Base_SetConfig)
    TIM_ETR_SetConfig                        0x08002551   Thumb Code    20  stm32f1xx_hal_tim.o(i.TIM_ETR_SetConfig)
    TSC_WB                                   0x08002641   Thumb Code    16  main.o(i.TSC_WB)
    USBD_CDC_GetDeviceQualifierDescriptor    0x0800284d   Thumb Code     8  usbd_cdc.o(i.USBD_CDC_GetDeviceQualifierDescriptor)
    USBD_CDC_ReceivePacket                   0x08002911   Thumb Code    40  usbd_cdc.o(i.USBD_CDC_ReceivePacket)
    USBD_CDC_RegisterInterface               0x08002939   Thumb Code    16  usbd_cdc.o(i.USBD_CDC_RegisterInterface)
    USBD_CDC_SetRxBuffer                     0x08002949   Thumb Code    12  usbd_cdc.o(i.USBD_CDC_SetRxBuffer)
    USBD_CDC_SetTxBuffer                     0x08002955   Thumb Code    16  usbd_cdc.o(i.USBD_CDC_SetTxBuffer)
    USBD_CDC_TransmitPacket                  0x08002a11   Thumb Code    54  usbd_cdc.o(i.USBD_CDC_TransmitPacket)
    USBD_ClrClassConfig                      0x08002a47   Thumb Code    14  usbd_core.o(i.USBD_ClrClassConfig)
    USBD_CtlContinueRx                       0x08002a55   Thumb Code    16  usbd_ioreq.o(i.USBD_CtlContinueRx)
    USBD_CtlContinueSendData                 0x08002a65   Thumb Code    16  usbd_ioreq.o(i.USBD_CtlContinueSendData)
    USBD_CtlError                            0x08002a75   Thumb Code    22  usbd_ctlreq.o(i.USBD_CtlError)
    USBD_CtlPrepareRx                        0x08002a8b   Thumb Code    30  usbd_ioreq.o(i.USBD_CtlPrepareRx)
    USBD_CtlReceiveStatus                    0x08002aa9   Thumb Code    22  usbd_ioreq.o(i.USBD_CtlReceiveStatus)
    USBD_CtlSendData                         0x08002abf   Thumb Code    26  usbd_ioreq.o(i.USBD_CtlSendData)
    USBD_CtlSendStatus                       0x08002ad9   Thumb Code    22  usbd_ioreq.o(i.USBD_CtlSendStatus)
    USBD_FS_ConfigStrDescriptor              0x08002af1   Thumb Code    16  usbd_desc.o(i.USBD_FS_ConfigStrDescriptor)
    USBD_FS_DeviceDescriptor                 0x08002b11   Thumb Code     8  usbd_desc.o(i.USBD_FS_DeviceDescriptor)
    USBD_FS_InterfaceStrDescriptor           0x08002b1d   Thumb Code    16  usbd_desc.o(i.USBD_FS_InterfaceStrDescriptor)
    USBD_FS_LangIDStrDescriptor              0x08002b41   Thumb Code     8  usbd_desc.o(i.USBD_FS_LangIDStrDescriptor)
    USBD_FS_ManufacturerStrDescriptor        0x08002b4d   Thumb Code    16  usbd_desc.o(i.USBD_FS_ManufacturerStrDescriptor)
    USBD_FS_ProductStrDescriptor             0x08002b75   Thumb Code    16  usbd_desc.o(i.USBD_FS_ProductStrDescriptor)
    USBD_FS_SerialStrDescriptor              0x08002ba1   Thumb Code    48  usbd_desc.o(i.USBD_FS_SerialStrDescriptor)
    USBD_GetString                           0x08002cc1   Thumb Code    72  usbd_ctlreq.o(i.USBD_GetString)
    USBD_Init                                0x08002d21   Thumb Code    42  usbd_core.o(i.USBD_Init)
    USBD_LL_ClearStallEP                     0x08002d4b   Thumb Code    18  usbd_conf.o(i.USBD_LL_ClearStallEP)
    USBD_LL_CloseEP                          0x08002d5d   Thumb Code    18  usbd_conf.o(i.USBD_LL_CloseEP)
    USBD_LL_DataInStage                      0x08002d6f   Thumb Code   198  usbd_core.o(i.USBD_LL_DataInStage)
    USBD_LL_DataOutStage                     0x08002e35   Thumb Code   130  usbd_core.o(i.USBD_LL_DataOutStage)
    USBD_LL_GetRxDataSize                    0x08002eb7   Thumb Code     8  usbd_conf.o(i.USBD_LL_GetRxDataSize)
    USBD_LL_Init                             0x08002ec1   Thumb Code   118  usbd_conf.o(i.USBD_LL_Init)
    USBD_LL_IsStallEP                        0x08002f41   Thumb Code    32  usbd_conf.o(i.USBD_LL_IsStallEP)
    USBD_LL_OpenEP                           0x08002f61   Thumb Code    24  usbd_conf.o(i.USBD_LL_OpenEP)
    USBD_LL_PrepareReceive                   0x08002f79   Thumb Code    18  usbd_conf.o(i.USBD_LL_PrepareReceive)
    USBD_LL_Reset                            0x08002f8b   Thumb Code    80  usbd_core.o(i.USBD_LL_Reset)
    USBD_LL_Resume                           0x08002fdb   Thumb Code    20  usbd_core.o(i.USBD_LL_Resume)
    USBD_LL_SOF                              0x08002fef   Thumb Code    24  usbd_core.o(i.USBD_LL_SOF)
    USBD_LL_SetSpeed                         0x08003007   Thumb Code     6  usbd_core.o(i.USBD_LL_SetSpeed)
    USBD_LL_SetUSBAddress                    0x0800300d   Thumb Code    18  usbd_conf.o(i.USBD_LL_SetUSBAddress)
    USBD_LL_SetupStage                       0x0800301f   Thumb Code    90  usbd_core.o(i.USBD_LL_SetupStage)
    USBD_LL_StallEP                          0x08003079   Thumb Code    18  usbd_conf.o(i.USBD_LL_StallEP)
    USBD_LL_Start                            0x0800308b   Thumb Code    18  usbd_conf.o(i.USBD_LL_Start)
    USBD_LL_Suspend                          0x0800309d   Thumb Code    18  usbd_core.o(i.USBD_LL_Suspend)
    USBD_LL_Transmit                         0x080030af   Thumb Code    18  usbd_conf.o(i.USBD_LL_Transmit)
    USBD_ParseSetupRequest                   0x080030c1   Thumb Code    40  usbd_ctlreq.o(i.USBD_ParseSetupRequest)
    USBD_RegisterClass                       0x080030e9   Thumb Code    16  usbd_core.o(i.USBD_RegisterClass)
    USBD_SetClassConfig                      0x080030f9   Thumb Code    22  usbd_core.o(i.USBD_SetClassConfig)
    USBD_Start                               0x08003195   Thumb Code    10  usbd_core.o(i.USBD_Start)
    USBD_StdDevReq                           0x0800319f   Thumb Code   274  usbd_ctlreq.o(i.USBD_StdDevReq)
    USBD_StdEPReq                            0x080032b1   Thumb Code   336  usbd_ctlreq.o(i.USBD_StdEPReq)
    USBD_StdItfReq                           0x08003401   Thumb Code    78  usbd_ctlreq.o(i.USBD_StdItfReq)
    USBD_static_free                         0x0800344f   Thumb Code     2  usbd_conf.o(i.USBD_static_free)
    USBD_static_malloc                       0x08003451   Thumb Code     4  usbd_conf.o(i.USBD_static_malloc)
    USB_ActivateEndpoint                     0x08003459   Thumb Code   600  stm32f1xx_ll_usb.o(i.USB_ActivateEndpoint)
    USB_CoreInit                             0x080036b1   Thumb Code     4  stm32f1xx_ll_usb.o(i.USB_CoreInit)
    USB_DeactivateEndpoint                   0x080036b5   Thumb Code   270  stm32f1xx_ll_usb.o(i.USB_DeactivateEndpoint)
    USB_DevConnect                           0x080037c3   Thumb Code     4  stm32f1xx_ll_usb.o(i.USB_DevConnect)
    USB_DevDisconnect                        0x080037c7   Thumb Code     4  stm32f1xx_ll_usb.o(i.USB_DevDisconnect)
    USB_DevInit                              0x080037cb   Thumb Code    18  stm32f1xx_ll_usb.o(i.USB_DevInit)
    USB_DisableGlobalInt                     0x080037dd   Thumb Code    14  stm32f1xx_ll_usb.o(i.USB_DisableGlobalInt)
    USB_EP0_OutStart                         0x080037eb   Thumb Code     4  stm32f1xx_ll_usb.o(i.USB_EP0_OutStart)
    USB_EPClearStall                         0x080037ef   Thumb Code   120  stm32f1xx_ll_usb.o(i.USB_EPClearStall)
    USB_EPSetStall                           0x08003867   Thumb Code    50  stm32f1xx_ll_usb.o(i.USB_EPSetStall)
    USB_EPStartXfer                          0x08003899   Thumb Code  1548  stm32f1xx_ll_usb.o(i.USB_EPStartXfer)
    USB_EnableGlobalInt                      0x08003ea5   Thumb Code    18  stm32f1xx_ll_usb.o(i.USB_EnableGlobalInt)
    USB_LP_CAN1_RX0_IRQHandler               0x08003eb9   Thumb Code     6  stm32f1xx_it.o(i.USB_LP_CAN1_RX0_IRQHandler)
    USB_ReadInterrupts                       0x08003ec5   Thumb Code     6  stm32f1xx_ll_usb.o(i.USB_ReadInterrupts)
    USB_ReadPMA                              0x08003ecd   Thumb Code    44  stm32f1xx_ll_usb.o(i.USB_ReadPMA)
    USB_SetCurrentMode                       0x08003ef9   Thumb Code     4  stm32f1xx_ll_usb.o(i.USB_SetCurrentMode)
    USB_SetDevAddress                        0x08003efd   Thumb Code    12  stm32f1xx_ll_usb.o(i.USB_SetDevAddress)
    USB_WritePMA                             0x08003f09   Thumb Code    38  stm32f1xx_ll_usb.o(i.USB_WritePMA)
    UsageFault_Handler                       0x08003f2f   Thumb Code     2  stm32f1xx_it.o(i.UsageFault_Handler)
    filter                                   0x08003f51   Thumb Code   100  main.o(i.filter)
    main                                     0x08003fb9   Thumb Code  1426  main.o(i.main)
    __aeabi_d2f                              0x08004575   Thumb Code     0  d2f.o(x$fpl$d2f)
    _d2f                                     0x08004575   Thumb Code    98  d2f.o(x$fpl$d2f)
    __aeabi_ddiv                             0x080045d9   Thumb Code     0  ddiv.o(x$fpl$ddiv)
    _ddiv                                    0x080045d9   Thumb Code   552  ddiv.o(x$fpl$ddiv)
    __aeabi_i2d                              0x08004889   Thumb Code     0  dflt_clz.o(x$fpl$dflt)
    _dflt                                    0x08004889   Thumb Code    46  dflt_clz.o(x$fpl$dflt)
    __fpl_dnaninf                            0x080048b7   Thumb Code   156  dnaninf.o(x$fpl$dnaninf)
    __fpl_dretinf                            0x08004953   Thumb Code    12  dretinf.o(x$fpl$dretinf)
    __aeabi_fadd                             0x08004961   Thumb Code     0  faddsub_clz.o(x$fpl$fadd)
    _fadd                                    0x08004961   Thumb Code   196  faddsub_clz.o(x$fpl$fadd)
    __aeabi_f2iz                             0x08004a25   Thumb Code     0  ffix.o(x$fpl$ffix)
    _ffix                                    0x08004a25   Thumb Code    54  ffix.o(x$fpl$ffix)
    __aeabi_i2f                              0x08004a5d   Thumb Code     0  fflt_clz.o(x$fpl$fflt)
    _fflt                                    0x08004a5d   Thumb Code    48  fflt_clz.o(x$fpl$fflt)
    __aeabi_fmul                             0x08004a8d   Thumb Code     0  fmul.o(x$fpl$fmul)
    _fmul                                    0x08004a8d   Thumb Code   258  fmul.o(x$fpl$fmul)
    __fpl_fnaninf                            0x08004b8f   Thumb Code   140  fnaninf.o(x$fpl$fnaninf)
    __fpl_fretinf                            0x08004c1b   Thumb Code    10  fretinf.o(x$fpl$fretinf)
    __aeabi_fsub                             0x08004c25   Thumb Code     0  faddsub_clz.o(x$fpl$fsub)
    _fsub                                    0x08004c25   Thumb Code   234  faddsub_clz.o(x$fpl$fsub)
    AHBPrescTable                            0x08004d0e   Data          16  system_stm32f1xx.o(.constdata)
    __I$use$fp                               0x08004d0e   Number         0  usenofp.o(x$fpl$usenofp)
    APBPrescTable                            0x08004d1e   Data           8  system_stm32f1xx.o(.constdata)
    Region$$Table$$Base                      0x08004d28   Number         0  anon$$obj.o(Region$$Table)
    Region$$Table$$Limit                     0x08004d48   Number         0  anon$$obj.o(Region$$Table)
    SendFrame                                0x20000000   Data          10  dfplayer.o(.data)
    rgb                                      0x2000000c   Data           4  main.o(.data)
    count                                    0x20000010   Data           4  main.o(.data)
    flag                                     0x20000014   Data           4  main.o(.data)
    uwTickFreq                               0x20000018   Data           1  stm32f1xx_hal.o(.data)
    uwTickPrio                               0x2000001c   Data           4  stm32f1xx_hal.o(.data)
    uwTick                                   0x20000020   Data           4  stm32f1xx_hal.o(.data)
    SystemCoreClock                          0x20000024   Data           4  system_stm32f1xx.o(.data)
    FS_Desc                                  0x20000028   Data          28  usbd_desc.o(.data)
    USBD_LangIDDesc                          0x20000044   Data           4  usbd_desc.o(.data)
    USBD_FS_DeviceDesc                       0x20000048   Data          18  usbd_desc.o(.data)
    USBD_StringSerial                        0x2000005c   Data          26  usbd_desc.o(.data)
    USBD_Interface_fops_FS                   0x20000078   Data          16  usbd_cdc_if.o(.data)
    USBD_CDC_CfgHSDesc                       0x20000098   Data          67  usbd_cdc.o(.data)
    USBD_CDC_CfgFSDesc                       0x200000dc   Data          67  usbd_cdc.o(.data)
    USBD_CDC_OtherSpeedCfgDesc               0x20000120   Data          67  usbd_cdc.o(.data)
    USBD_CDC                                 0x20000164   Data          56  usbd_cdc.o(.data)
    RGB_Scale                                0x2000019c   Data          12  main.o(.bss)
    cnt                                      0x200001a8   Data          12  main.o(.bss)
    buf                                      0x200001b4   Data         200  main.o(.bss)
    MP3                                      0x2000027c   Data          16  main.o(.bss)
    htim2                                    0x2000028c   Data          72  main.o(.bss)
    htim3                                    0x200002d4   Data          72  main.o(.bss)
    huart1                                   0x2000031c   Data          68  main.o(.bss)
    hUsbDeviceFS                             0x20000360   Data         708  usb_device.o(.bss)
    USBD_StrDesc                             0x20000624   Data         512  usbd_desc.o(.bss)
    UserRxBufferFS                           0x20000824   Data        1024  usbd_cdc_if.o(.bss)
    UserTxBufferFS                           0x20000c24   Data        1024  usbd_cdc_if.o(.bss)
    hpcd_USB_FS                              0x20001244   Data         748  usbd_conf.o(.bss)
    __libspace_start                         0x20001530   Data          96  libspace.o(.bss)
    __temporary_stack_top$libspace           0x20001590   Data           0  libspace.o(.bss)



==============================================================================

Memory Map of the image

  Image Entry point : 0x080000ed

  Load Region LR_IROM1 (Base: 0x08000000, Size: 0x00004ee4, Max: 0x00010000, ABSOLUTE, COMPRESSED[0x00004e0c])

    Execution Region ER_IROM1 (Exec base: 0x08000000, Load base: 0x08000000, Size: 0x00004d48, Max: 0x00010000, ABSOLUTE)

    Exec Addr    Load Addr    Size         Type   Attr      Idx    E Section Name        Object

    0x08000000   0x08000000   0x000000ec   Data   RO            3    RESET               startup_stm32f103xb.o
    0x080000ec   0x080000ec   0x00000008   Code   RO         4068  * !!!main             c_w.l(__main.o)
    0x080000f4   0x080000f4   0x00000034   Code   RO         4275    !!!scatter          c_w.l(__scatter.o)
    0x08000128   0x08000128   0x0000005a   Code   RO         4273    !!dczerorl2         c_w.l(__dczerorl2.o)
    0x08000182   0x08000182   0x00000002   PAD
    0x08000184   0x08000184   0x0000001c   Code   RO         4277    !!handler_zi        c_w.l(__scatter_zi.o)
    0x080001a0   0x080001a0   0x00000000   Code   RO         4059    .ARM.Collect$$_printf_percent$$00000000  c_w.l(_printf_percent.o)
    0x080001a0   0x080001a0   0x00000006   Code   RO         4058    .ARM.Collect$$_printf_percent$$00000009  c_w.l(_printf_d.o)
    0x080001a6   0x080001a6   0x00000004   Code   RO         4107    .ARM.Collect$$_printf_percent$$00000017  c_w.l(_printf_percent_end.o)
    0x080001aa   0x080001aa   0x00000002   Code   RO         4143    .ARM.Collect$$libinit$$00000000  c_w.l(libinit.o)
    0x080001ac   0x080001ac   0x00000000   Code   RO         4150    .ARM.Collect$$libinit$$00000002  c_w.l(libinit2.o)
    0x080001ac   0x080001ac   0x00000000   Code   RO         4152    .ARM.Collect$$libinit$$00000004  c_w.l(libinit2.o)
    0x080001ac   0x080001ac   0x00000000   Code   RO         4155    .ARM.Collect$$libinit$$0000000A  c_w.l(libinit2.o)
    0x080001ac   0x080001ac   0x00000000   Code   RO         4157    .ARM.Collect$$libinit$$0000000C  c_w.l(libinit2.o)
    0x080001ac   0x080001ac   0x00000000   Code   RO         4159    .ARM.Collect$$libinit$$0000000E  c_w.l(libinit2.o)
    0x080001ac   0x080001ac   0x00000000   Code   RO         4162    .ARM.Collect$$libinit$$00000011  c_w.l(libinit2.o)
    0x080001ac   0x080001ac   0x00000000   Code   RO         4164    .ARM.Collect$$libinit$$00000013  c_w.l(libinit2.o)
    0x080001ac   0x080001ac   0x00000000   Code   RO         4166    .ARM.Collect$$libinit$$00000015  c_w.l(libinit2.o)
    0x080001ac   0x080001ac   0x00000000   Code   RO         4168    .ARM.Collect$$libinit$$00000017  c_w.l(libinit2.o)
    0x080001ac   0x080001ac   0x00000000   Code   RO         4170    .ARM.Collect$$libinit$$00000019  c_w.l(libinit2.o)
    0x080001ac   0x080001ac   0x00000000   Code   RO         4172    .ARM.Collect$$libinit$$0000001B  c_w.l(libinit2.o)
    0x080001ac   0x080001ac   0x00000000   Code   RO         4174    .ARM.Collect$$libinit$$0000001D  c_w.l(libinit2.o)
    0x080001ac   0x080001ac   0x00000000   Code   RO         4176    .ARM.Collect$$libinit$$0000001F  c_w.l(libinit2.o)
    0x080001ac   0x080001ac   0x00000000   Code   RO         4178    .ARM.Collect$$libinit$$00000021  c_w.l(libinit2.o)
    0x080001ac   0x080001ac   0x00000000   Code   RO         4180    .ARM.Collect$$libinit$$00000023  c_w.l(libinit2.o)
    0x080001ac   0x080001ac   0x00000000   Code   RO         4182    .ARM.Collect$$libinit$$00000025  c_w.l(libinit2.o)
    0x080001ac   0x080001ac   0x00000000   Code   RO         4186    .ARM.Collect$$libinit$$0000002C  c_w.l(libinit2.o)
    0x080001ac   0x080001ac   0x00000000   Code   RO         4188    .ARM.Collect$$libinit$$0000002E  c_w.l(libinit2.o)
    0x080001ac   0x080001ac   0x00000000   Code   RO         4190    .ARM.Collect$$libinit$$00000030  c_w.l(libinit2.o)
    0x080001ac   0x080001ac   0x00000000   Code   RO         4192    .ARM.Collect$$libinit$$00000032  c_w.l(libinit2.o)
    0x080001ac   0x080001ac   0x00000002   Code   RO         4193    .ARM.Collect$$libinit$$00000033  c_w.l(libinit2.o)
    0x080001ae   0x080001ae   0x00000002   Code   RO         4213    .ARM.Collect$$libshutdown$$00000000  c_w.l(libshutdown.o)
    0x080001b0   0x080001b0   0x00000000   Code   RO         4226    .ARM.Collect$$libshutdown$$00000002  c_w.l(libshutdown2.o)
    0x080001b0   0x080001b0   0x00000000   Code   RO         4228    .ARM.Collect$$libshutdown$$00000004  c_w.l(libshutdown2.o)
    0x080001b0   0x080001b0   0x00000000   Code   RO         4231    .ARM.Collect$$libshutdown$$00000007  c_w.l(libshutdown2.o)
    0x080001b0   0x080001b0   0x00000000   Code   RO         4234    .ARM.Collect$$libshutdown$$0000000A  c_w.l(libshutdown2.o)
    0x080001b0   0x080001b0   0x00000000   Code   RO         4236    .ARM.Collect$$libshutdown$$0000000C  c_w.l(libshutdown2.o)
    0x080001b0   0x080001b0   0x00000000   Code   RO         4239    .ARM.Collect$$libshutdown$$0000000F  c_w.l(libshutdown2.o)
    0x080001b0   0x080001b0   0x00000002   Code   RO         4240    .ARM.Collect$$libshutdown$$00000010  c_w.l(libshutdown2.o)
    0x080001b2   0x080001b2   0x00000000   Code   RO         4100    .ARM.Collect$$rtentry$$00000000  c_w.l(__rtentry.o)
    0x080001b2   0x080001b2   0x00000000   Code   RO         4118    .ARM.Collect$$rtentry$$00000002  c_w.l(__rtentry2.o)
    0x080001b2   0x080001b2   0x00000006   Code   RO         4130    .ARM.Collect$$rtentry$$00000004  c_w.l(__rtentry4.o)
    0x080001b8   0x080001b8   0x00000000   Code   RO         4120    .ARM.Collect$$rtentry$$00000009  c_w.l(__rtentry2.o)
    0x080001b8   0x080001b8   0x00000004   Code   RO         4121    .ARM.Collect$$rtentry$$0000000A  c_w.l(__rtentry2.o)
    0x080001bc   0x080001bc   0x00000000   Code   RO         4123    .ARM.Collect$$rtentry$$0000000C  c_w.l(__rtentry2.o)
    0x080001bc   0x080001bc   0x00000008   Code   RO         4124    .ARM.Collect$$rtentry$$0000000D  c_w.l(__rtentry2.o)
    0x080001c4   0x080001c4   0x00000002   Code   RO         4147    .ARM.Collect$$rtexit$$00000000  c_w.l(rtexit.o)
    0x080001c6   0x080001c6   0x00000000   Code   RO         4195    .ARM.Collect$$rtexit$$00000002  c_w.l(rtexit2.o)
    0x080001c6   0x080001c6   0x00000004   Code   RO         4196    .ARM.Collect$$rtexit$$00000003  c_w.l(rtexit2.o)
    0x080001ca   0x080001ca   0x00000006   Code   RO         4197    .ARM.Collect$$rtexit$$00000004  c_w.l(rtexit2.o)
    0x080001d0   0x080001d0   0x00000040   Code   RO            4    .text               startup_stm32f103xb.o
    0x08000210   0x08000210   0x00000028   Code   RO         4032    .text               c_w.l(noretval__2sprintf.o)
    0x08000238   0x08000238   0x00000068   Code   RO         4034    .text               c_w.l(__printf.o)
    0x080002a0   0x080002a0   0x00000078   Code   RO         4036    .text               c_w.l(_printf_dec.o)
    0x08000318   0x08000318   0x0000003e   Code   RO         4060    .text               c_w.l(strlen.o)
    0x08000356   0x08000356   0x00000064   Code   RO         4062    .text               c_w.l(rt_memcpy_w.o)
    0x080003ba   0x080003ba   0x0000004e   Code   RO         4064    .text               c_w.l(rt_memclr_w.o)
    0x08000408   0x08000408   0x00000006   Code   RO         4066    .text               c_w.l(heapauxi.o)
    0x0800040e   0x0800040e   0x000000b2   Code   RO         4101    .text               c_w.l(_printf_intcommon.o)
    0x080004c0   0x080004c0   0x00000030   Code   RO         4103    .text               c_w.l(_printf_char_common.o)
    0x080004f0   0x080004f0   0x0000000a   Code   RO         4105    .text               c_w.l(_sputc.o)
    0x080004fa   0x080004fa   0x0000004a   Code   RO         4134    .text               c_w.l(sys_stackheap_outer.o)
    0x08000544   0x08000544   0x00000012   Code   RO         4136    .text               c_w.l(exit.o)
    0x08000556   0x08000556   0x00000002   PAD
    0x08000558   0x08000558   0x00000008   Code   RO         4144    .text               c_w.l(libspace.o)
    0x08000560   0x08000560   0x0000000c   Code   RO         4205    .text               c_w.l(sys_exit.o)
    0x0800056c   0x0800056c   0x00000002   Code   RO         4216    .text               c_w.l(use_no_semi.o)
    0x0800056e   0x0800056e   0x00000000   Code   RO         4218    .text               c_w.l(indicate_semi.o)
    0x0800056e   0x0800056e   0x00000002   Code   RO          311    i.BusFault_Handler  stm32f1xx_it.o
    0x08000570   0x08000570   0x00000004   Code   RO         3396    i.CDC_Control_FS    usbd_cdc_if.o
    0x08000574   0x08000574   0x00000004   Code   RO         3397    i.CDC_DeInit_FS     usbd_cdc_if.o
    0x08000578   0x08000578   0x00000024   Code   RO         3398    i.CDC_Init_FS       usbd_cdc_if.o
    0x0800059c   0x0800059c   0x00000018   Code   RO         3399    i.CDC_Receive_FS    usbd_cdc_if.o
    0x080005b4   0x080005b4   0x0000002c   Code   RO         3400    i.CDC_Transmit_FS   usbd_cdc_if.o
    0x080005e0   0x080005e0   0x0000001c   Code   RO           13    i.DFPLAYER_Init     dfplayer.o
    0x080005fc   0x080005fc   0x0000000a   Code   RO           17    i.DFPLAYER_PlayFileInFolder  dfplayer.o
    0x08000606   0x08000606   0x00000044   Code   RO           21    i.DFPLAYER_SendCmd  dfplayer.o
    0x0800064a   0x0800064a   0x0000000a   Code   RO           22    i.DFPLAYER_SetVolume  dfplayer.o
    0x08000654   0x08000654   0x0000000a   Code   RO           23    i.DFPLAYER_Stop     dfplayer.o
    0x0800065e   0x0800065e   0x00000002   Code   RO          312    i.DebugMon_Handler  stm32f1xx_it.o
    0x08000660   0x08000660   0x00000004   Code   RO          196    i.Error_Handler     main.o
    0x08000664   0x08000664   0x0000006c   Code   RO          197    i.GetColor          main.o
    0x080006d0   0x080006d0   0x00000024   Code   RO          943    i.HAL_Delay         stm32f1xx_hal.o
    0x080006f4   0x080006f4   0x000001e0   Code   RO         1251    i.HAL_GPIO_Init     stm32f1xx_hal_gpio.o
    0x080008d4   0x080008d4   0x0000000a   Code   RO         1255    i.HAL_GPIO_WritePin  stm32f1xx_hal_gpio.o
    0x080008de   0x080008de   0x00000002   PAD
    0x080008e0   0x080008e0   0x0000000c   Code   RO          947    i.HAL_GetTick       stm32f1xx_hal.o
    0x080008ec   0x080008ec   0x00000010   Code   RO          953    i.HAL_IncTick       stm32f1xx_hal.o
    0x080008fc   0x080008fc   0x00000024   Code   RO          954    i.HAL_Init          stm32f1xx_hal.o
    0x08000920   0x08000920   0x00000040   Code   RO          955    i.HAL_InitTick      stm32f1xx_hal.o
    0x08000960   0x08000960   0x0000003c   Code   RO          399    i.HAL_MspInit       stm32f1xx_hal_msp.o
    0x0800099c   0x0800099c   0x0000001a   Code   RO         1411    i.HAL_NVIC_EnableIRQ  stm32f1xx_hal_cortex.o
    0x080009b6   0x080009b6   0x00000002   PAD
    0x080009b8   0x080009b8   0x00000040   Code   RO         1417    i.HAL_NVIC_SetPriority  stm32f1xx_hal_cortex.o
    0x080009f8   0x080009f8   0x00000024   Code   RO         1418    i.HAL_NVIC_SetPriorityGrouping  stm32f1xx_hal_cortex.o
    0x08000a1c   0x08000a1c   0x0000003c   Code   RO          716    i.HAL_PCDEx_PMAConfig  stm32f1xx_hal_pcd_ex.o
    0x08000a58   0x08000a58   0x00000002   Code   RO         3448    i.HAL_PCDEx_SetConnectionState  usbd_conf.o
    0x08000a5a   0x08000a5a   0x00000012   Code   RO         3450    i.HAL_PCD_DataInStageCallback  usbd_conf.o
    0x08000a6c   0x08000a6c   0x00000014   Code   RO         3451    i.HAL_PCD_DataOutStageCallback  usbd_conf.o
    0x08000a80   0x08000a80   0x0000004c   Code   RO          492    i.HAL_PCD_EP_Close  stm32f1xx_hal_pcd.o
    0x08000acc   0x08000acc   0x0000005c   Code   RO          493    i.HAL_PCD_EP_ClrStall  stm32f1xx_hal_pcd.o
    0x08000b28   0x08000b28   0x000000e6   Code   RO          494    i.HAL_PCD_EP_DB_Receive  stm32f1xx_hal_pcd.o
    0x08000c0e   0x08000c0e   0x00000330   Code   RO          495    i.HAL_PCD_EP_DB_Transmit  stm32f1xx_hal_pcd.o
    0x08000f3e   0x08000f3e   0x00000012   Code   RO          497    i.HAL_PCD_EP_GetRxCount  stm32f1xx_hal_pcd.o
    0x08000f50   0x08000f50   0x00000060   Code   RO          498    i.HAL_PCD_EP_Open   stm32f1xx_hal_pcd.o
    0x08000fb0   0x08000fb0   0x00000032   Code   RO          499    i.HAL_PCD_EP_Receive  stm32f1xx_hal_pcd.o
    0x08000fe2   0x08000fe2   0x00000072   Code   RO          500    i.HAL_PCD_EP_SetStall  stm32f1xx_hal_pcd.o
    0x08001054   0x08001054   0x00000034   Code   RO          501    i.HAL_PCD_EP_Transmit  stm32f1xx_hal_pcd.o
    0x08001088   0x08001088   0x00000154   Code   RO          503    i.HAL_PCD_IRQHandler  stm32f1xx_hal_pcd.o
    0x080011dc   0x080011dc   0x000000da   Code   RO          506    i.HAL_PCD_Init      stm32f1xx_hal_pcd.o
    0x080012b6   0x080012b6   0x00000002   PAD
    0x080012b8   0x080012b8   0x0000003c   Code   RO         3456    i.HAL_PCD_MspInit   usbd_conf.o
    0x080012f4   0x080012f4   0x00000026   Code   RO         3457    i.HAL_PCD_ResetCallback  usbd_conf.o
    0x0800131a   0x0800131a   0x00000008   Code   RO         3458    i.HAL_PCD_ResumeCallback  usbd_conf.o
    0x08001322   0x08001322   0x00000008   Code   RO         3459    i.HAL_PCD_SOFCallback  usbd_conf.o
    0x0800132a   0x0800132a   0x00000028   Code   RO          512    i.HAL_PCD_SetAddress  stm32f1xx_hal_pcd.o
    0x08001352   0x08001352   0x0000000e   Code   RO         3460    i.HAL_PCD_SetupStageCallback  usbd_conf.o
    0x08001360   0x08001360   0x00000032   Code   RO          514    i.HAL_PCD_Start     stm32f1xx_hal_pcd.o
    0x08001392   0x08001392   0x00000002   PAD
    0x08001394   0x08001394   0x00000024   Code   RO         3461    i.HAL_PCD_SuspendCallback  usbd_conf.o
    0x080013b8   0x080013b8   0x000000ec   Code   RO         1214    i.HAL_RCCEx_PeriphCLKConfig  stm32f1xx_hal_rcc_ex.o
    0x080014a4   0x080014a4   0x0000012c   Code   RO         1111    i.HAL_RCC_ClockConfig  stm32f1xx_hal_rcc.o
    0x080015d0   0x080015d0   0x00000020   Code   RO         1118    i.HAL_RCC_GetPCLK1Freq  stm32f1xx_hal_rcc.o
    0x080015f0   0x080015f0   0x00000020   Code   RO         1119    i.HAL_RCC_GetPCLK2Freq  stm32f1xx_hal_rcc.o
    0x08001610   0x08001610   0x0000006c   Code   RO         1120    i.HAL_RCC_GetSysClockFreq  stm32f1xx_hal_rcc.o
    0x0800167c   0x0800167c   0x00000320   Code   RO         1123    i.HAL_RCC_OscConfig  stm32f1xx_hal_rcc.o
    0x0800199c   0x0800199c   0x00000028   Code   RO         1422    i.HAL_SYSTICK_Config  stm32f1xx_hal_cortex.o
    0x080019c4   0x080019c4   0x00000002   Code   RO         2617    i.HAL_TIMEx_BreakCallback  stm32f1xx_hal_tim_ex.o
    0x080019c6   0x080019c6   0x00000002   Code   RO         2618    i.HAL_TIMEx_CommutCallback  stm32f1xx_hal_tim_ex.o
    0x080019c8   0x080019c8   0x00000068   Code   RO         2636    i.HAL_TIMEx_MasterConfigSynchronization  stm32f1xx_hal_tim_ex.o
    0x08001a30   0x08001a30   0x0000005a   Code   RO         1913    i.HAL_TIM_Base_Init  stm32f1xx_hal_tim.o
    0x08001a8a   0x08001a8a   0x00000002   PAD
    0x08001a8c   0x08001a8c   0x0000007c   Code   RO          401    i.HAL_TIM_Base_MspInit  stm32f1xx_hal_msp.o
    0x08001b08   0x08001b08   0x00000058   Code   RO         1918    i.HAL_TIM_Base_Start_IT  stm32f1xx_hal_tim.o
    0x08001b60   0x08001b60   0x000000d6   Code   RO         1922    i.HAL_TIM_ConfigClockSource  stm32f1xx_hal_tim.o
    0x08001c36   0x08001c36   0x00000002   Code   RO         1947    i.HAL_TIM_IC_CaptureCallback  stm32f1xx_hal_tim.o
    0x08001c38   0x08001c38   0x00000166   Code   RO         1961    i.HAL_TIM_IRQHandler  stm32f1xx_hal_tim.o
    0x08001d9e   0x08001d9e   0x00000002   Code   RO         1964    i.HAL_TIM_OC_DelayElapsedCallback  stm32f1xx_hal_tim.o
    0x08001da0   0x08001da0   0x00000002   Code   RO         1991    i.HAL_TIM_PWM_PulseFinishedCallback  stm32f1xx_hal_tim.o
    0x08001da2   0x08001da2   0x00000002   PAD
    0x08001da4   0x08001da4   0x00000060   Code   RO          198    i.HAL_TIM_PeriodElapsedCallback  main.o
    0x08001e04   0x08001e04   0x00000056   Code   RO         2002    i.HAL_TIM_SlaveConfigSynchro  stm32f1xx_hal_tim.o
    0x08001e5a   0x08001e5a   0x00000002   Code   RO         2004    i.HAL_TIM_TriggerCallback  stm32f1xx_hal_tim.o
    0x08001e5c   0x08001e5c   0x00000062   Code   RO         2913    i.HAL_UART_Init     stm32f1xx_hal_uart.o
    0x08001ebe   0x08001ebe   0x00000002   PAD
    0x08001ec0   0x08001ec0   0x00000070   Code   RO          403    i.HAL_UART_MspInit  stm32f1xx_hal_msp.o
    0x08001f30   0x08001f30   0x000000b2   Code   RO         2921    i.HAL_UART_Transmit  stm32f1xx_hal_uart.o
    0x08001fe2   0x08001fe2   0x00000002   Code   RO          313    i.HardFault_Handler  stm32f1xx_it.o
    0x08001fe4   0x08001fe4   0x00000038   Code   RO         3310    i.IntToUnicode      usbd_desc.o
    0x0800201c   0x0800201c   0x00000068   Code   RO          199    i.MX_TIM2_Init      main.o
    0x08002084   0x08002084   0x00000068   Code   RO          200    i.MX_TIM3_Init      main.o
    0x080020ec   0x080020ec   0x00000054   Code   RO         3279    i.MX_USB_DEVICE_Init  usb_device.o
    0x08002140   0x08002140   0x00000002   Code   RO          314    i.MemManage_Handler  stm32f1xx_it.o
    0x08002142   0x08002142   0x00000002   Code   RO          315    i.NMI_Handler       stm32f1xx_it.o
    0x08002144   0x08002144   0x00000314   Code   RO          518    i.PCD_EP_ISR_Handler  stm32f1xx_hal_pcd.o
    0x08002458   0x08002458   0x00000002   Code   RO          316    i.PendSV_Handler    stm32f1xx_it.o
    0x0800245a   0x0800245a   0x00000002   Code   RO          317    i.SVC_Handler       stm32f1xx_it.o
    0x0800245c   0x0800245c   0x00000004   Code   RO          318    i.SysTick_Handler   stm32f1xx_it.o
    0x08002460   0x08002460   0x00000076   Code   RO          201    i.SystemClock_Config  main.o
    0x080024d6   0x080024d6   0x00000002   Code   RO         3242    i.SystemInit        system_stm32f1xx.o
    0x080024d8   0x080024d8   0x0000000c   Code   RO          319    i.TIM3_IRQHandler   stm32f1xx_it.o
    0x080024e4   0x080024e4   0x0000006c   Code   RO         2006    i.TIM_Base_SetConfig  stm32f1xx_hal_tim.o
    0x08002550   0x08002550   0x00000014   Code   RO         2017    i.TIM_ETR_SetConfig  stm32f1xx_hal_tim.o
    0x08002564   0x08002564   0x00000010   Code   RO         2018    i.TIM_ITRx_SetConfig  stm32f1xx_hal_tim.o
    0x08002574   0x08002574   0x00000086   Code   RO         2023    i.TIM_SlaveTimer_SetConfig  stm32f1xx_hal_tim.o
    0x080025fa   0x080025fa   0x00000022   Code   RO         2024    i.TIM_TI1_ConfigInputStage  stm32f1xx_hal_tim.o
    0x0800261c   0x0800261c   0x00000024   Code   RO         2026    i.TIM_TI2_ConfigInputStage  stm32f1xx_hal_tim.o
    0x08002640   0x08002640   0x00000014   Code   RO          202    i.TSC_WB            main.o
    0x08002654   0x08002654   0x000000b8   Code   RO         2939    i.UART_SetConfig    stm32f1xx_hal_uart.o
    0x0800270c   0x0800270c   0x00000064   Code   RO         2942    i.UART_WaitOnFlagUntilTimeout  stm32f1xx_hal_uart.o
    0x08002770   0x08002770   0x00000046   Code   RO         3923    i.USBD_CDC_DataIn   usbd_cdc.o
    0x080027b6   0x080027b6   0x0000002e   Code   RO         3924    i.USBD_CDC_DataOut  usbd_cdc.o
    0x080027e4   0x080027e4   0x00000044   Code   RO         3925    i.USBD_CDC_DeInit   usbd_cdc.o
    0x08002828   0x08002828   0x00000024   Code   RO         3926    i.USBD_CDC_EP0_RxReady  usbd_cdc.o
    0x0800284c   0x0800284c   0x0000000c   Code   RO         3927    i.USBD_CDC_GetDeviceQualifierDescriptor  usbd_cdc.o
    0x08002858   0x08002858   0x0000000c   Code   RO         3928    i.USBD_CDC_GetFSCfgDesc  usbd_cdc.o
    0x08002864   0x08002864   0x0000000c   Code   RO         3929    i.USBD_CDC_GetHSCfgDesc  usbd_cdc.o
    0x08002870   0x08002870   0x0000000c   Code   RO         3930    i.USBD_CDC_GetOtherSpeedCfgDesc  usbd_cdc.o
    0x0800287c   0x0800287c   0x00000094   Code   RO         3931    i.USBD_CDC_Init     usbd_cdc.o
    0x08002910   0x08002910   0x00000028   Code   RO         3932    i.USBD_CDC_ReceivePacket  usbd_cdc.o
    0x08002938   0x08002938   0x00000010   Code   RO         3933    i.USBD_CDC_RegisterInterface  usbd_cdc.o
    0x08002948   0x08002948   0x0000000c   Code   RO         3934    i.USBD_CDC_SetRxBuffer  usbd_cdc.o
    0x08002954   0x08002954   0x00000010   Code   RO         3935    i.USBD_CDC_SetTxBuffer  usbd_cdc.o
    0x08002964   0x08002964   0x000000ac   Code   RO         3936    i.USBD_CDC_Setup    usbd_cdc.o
    0x08002a10   0x08002a10   0x00000036   Code   RO         3937    i.USBD_CDC_TransmitPacket  usbd_cdc.o
    0x08002a46   0x08002a46   0x0000000e   Code   RO         3660    i.USBD_ClrClassConfig  usbd_core.o
    0x08002a54   0x08002a54   0x00000010   Code   RO         3863    i.USBD_CtlContinueRx  usbd_ioreq.o
    0x08002a64   0x08002a64   0x00000010   Code   RO         3864    i.USBD_CtlContinueSendData  usbd_ioreq.o
    0x08002a74   0x08002a74   0x00000016   Code   RO         3798    i.USBD_CtlError     usbd_ctlreq.o
    0x08002a8a   0x08002a8a   0x0000001e   Code   RO         3865    i.USBD_CtlPrepareRx  usbd_ioreq.o
    0x08002aa8   0x08002aa8   0x00000016   Code   RO         3866    i.USBD_CtlReceiveStatus  usbd_ioreq.o
    0x08002abe   0x08002abe   0x0000001a   Code   RO         3867    i.USBD_CtlSendData  usbd_ioreq.o
    0x08002ad8   0x08002ad8   0x00000016   Code   RO         3868    i.USBD_CtlSendStatus  usbd_ioreq.o
    0x08002aee   0x08002aee   0x00000002   PAD
    0x08002af0   0x08002af0   0x00000020   Code   RO         3311    i.USBD_FS_ConfigStrDescriptor  usbd_desc.o
    0x08002b10   0x08002b10   0x0000000c   Code   RO         3312    i.USBD_FS_DeviceDescriptor  usbd_desc.o
    0x08002b1c   0x08002b1c   0x00000024   Code   RO         3313    i.USBD_FS_InterfaceStrDescriptor  usbd_desc.o
    0x08002b40   0x08002b40   0x0000000c   Code   RO         3314    i.USBD_FS_LangIDStrDescriptor  usbd_desc.o
    0x08002b4c   0x08002b4c   0x00000028   Code   RO         3315    i.USBD_FS_ManufacturerStrDescriptor  usbd_desc.o
    0x08002b74   0x08002b74   0x0000002c   Code   RO         3316    i.USBD_FS_ProductStrDescriptor  usbd_desc.o
    0x08002ba0   0x08002ba0   0x00000038   Code   RO         3317    i.USBD_FS_SerialStrDescriptor  usbd_desc.o
    0x08002bd8   0x08002bd8   0x000000e8   Code   RO         3799    i.USBD_GetDescriptor  usbd_ctlreq.o
    0x08002cc0   0x08002cc0   0x00000048   Code   RO         3800    i.USBD_GetString    usbd_ctlreq.o
    0x08002d08   0x08002d08   0x00000018   Code   RO         3462    i.USBD_Get_USB_Status  usbd_conf.o
    0x08002d20   0x08002d20   0x0000002a   Code   RO         3662    i.USBD_Init         usbd_core.o
    0x08002d4a   0x08002d4a   0x00000012   Code   RO         3463    i.USBD_LL_ClearStallEP  usbd_conf.o
    0x08002d5c   0x08002d5c   0x00000012   Code   RO         3464    i.USBD_LL_CloseEP   usbd_conf.o
    0x08002d6e   0x08002d6e   0x000000c6   Code   RO         3663    i.USBD_LL_DataInStage  usbd_core.o
    0x08002e34   0x08002e34   0x00000082   Code   RO         3664    i.USBD_LL_DataOutStage  usbd_core.o
    0x08002eb6   0x08002eb6   0x00000008   Code   RO         3468    i.USBD_LL_GetRxDataSize  usbd_conf.o
    0x08002ebe   0x08002ebe   0x00000002   PAD
    0x08002ec0   0x08002ec0   0x00000080   Code   RO         3469    i.USBD_LL_Init      usbd_conf.o
    0x08002f40   0x08002f40   0x00000020   Code   RO         3470    i.USBD_LL_IsStallEP  usbd_conf.o
    0x08002f60   0x08002f60   0x00000018   Code   RO         3471    i.USBD_LL_OpenEP    usbd_conf.o
    0x08002f78   0x08002f78   0x00000012   Code   RO         3472    i.USBD_LL_PrepareReceive  usbd_conf.o
    0x08002f8a   0x08002f8a   0x00000050   Code   RO         3669    i.USBD_LL_Reset     usbd_core.o
    0x08002fda   0x08002fda   0x00000014   Code   RO         3670    i.USBD_LL_Resume    usbd_core.o
    0x08002fee   0x08002fee   0x00000018   Code   RO         3671    i.USBD_LL_SOF       usbd_core.o
    0x08003006   0x08003006   0x00000006   Code   RO         3672    i.USBD_LL_SetSpeed  usbd_core.o
    0x0800300c   0x0800300c   0x00000012   Code   RO         3473    i.USBD_LL_SetUSBAddress  usbd_conf.o
    0x0800301e   0x0800301e   0x0000005a   Code   RO         3673    i.USBD_LL_SetupStage  usbd_core.o
    0x08003078   0x08003078   0x00000012   Code   RO         3474    i.USBD_LL_StallEP   usbd_conf.o
    0x0800308a   0x0800308a   0x00000012   Code   RO         3475    i.USBD_LL_Start     usbd_conf.o
    0x0800309c   0x0800309c   0x00000012   Code   RO         3674    i.USBD_LL_Suspend   usbd_core.o
    0x080030ae   0x080030ae   0x00000012   Code   RO         3477    i.USBD_LL_Transmit  usbd_conf.o
    0x080030c0   0x080030c0   0x00000028   Code   RO         3801    i.USBD_ParseSetupRequest  usbd_ctlreq.o
    0x080030e8   0x080030e8   0x00000010   Code   RO         3675    i.USBD_RegisterClass  usbd_core.o
    0x080030f8   0x080030f8   0x00000016   Code   RO         3677    i.USBD_SetClassConfig  usbd_core.o
    0x0800310e   0x0800310e   0x00000002   PAD
    0x08003110   0x08003110   0x00000084   Code   RO         3802    i.USBD_SetConfig    usbd_ctlreq.o
    0x08003194   0x08003194   0x0000000a   Code   RO         3678    i.USBD_Start        usbd_core.o
    0x0800319e   0x0800319e   0x00000112   Code   RO         3803    i.USBD_StdDevReq    usbd_ctlreq.o
    0x080032b0   0x080032b0   0x00000150   Code   RO         3804    i.USBD_StdEPReq     usbd_ctlreq.o
    0x08003400   0x08003400   0x0000004e   Code   RO         3805    i.USBD_StdItfReq    usbd_ctlreq.o
    0x0800344e   0x0800344e   0x00000002   Code   RO         3478    i.USBD_static_free  usbd_conf.o
    0x08003450   0x08003450   0x00000008   Code   RO         3479    i.USBD_static_malloc  usbd_conf.o
    0x08003458   0x08003458   0x00000258   Code   RO          756    i.USB_ActivateEndpoint  stm32f1xx_ll_usb.o
    0x080036b0   0x080036b0   0x00000004   Code   RO          759    i.USB_CoreInit      stm32f1xx_ll_usb.o
    0x080036b4   0x080036b4   0x0000010e   Code   RO          761    i.USB_DeactivateEndpoint  stm32f1xx_ll_usb.o
    0x080037c2   0x080037c2   0x00000004   Code   RO          762    i.USB_DevConnect    stm32f1xx_ll_usb.o
    0x080037c6   0x080037c6   0x00000004   Code   RO          763    i.USB_DevDisconnect  stm32f1xx_ll_usb.o
    0x080037ca   0x080037ca   0x00000012   Code   RO          764    i.USB_DevInit       stm32f1xx_ll_usb.o
    0x080037dc   0x080037dc   0x0000000e   Code   RO          765    i.USB_DisableGlobalInt  stm32f1xx_ll_usb.o
    0x080037ea   0x080037ea   0x00000004   Code   RO          766    i.USB_EP0_OutStart  stm32f1xx_ll_usb.o
    0x080037ee   0x080037ee   0x00000078   Code   RO          767    i.USB_EPClearStall  stm32f1xx_ll_usb.o
    0x08003866   0x08003866   0x00000032   Code   RO          768    i.USB_EPSetStall    stm32f1xx_ll_usb.o
    0x08003898   0x08003898   0x0000060c   Code   RO          769    i.USB_EPStartXfer   stm32f1xx_ll_usb.o
    0x08003ea4   0x08003ea4   0x00000012   Code   RO          770    i.USB_EnableGlobalInt  stm32f1xx_ll_usb.o
    0x08003eb6   0x08003eb6   0x00000002   PAD
    0x08003eb8   0x08003eb8   0x0000000c   Code   RO          320    i.USB_LP_CAN1_RX0_IRQHandler  stm32f1xx_it.o
    0x08003ec4   0x08003ec4   0x00000006   Code   RO          777    i.USB_ReadInterrupts  stm32f1xx_ll_usb.o
    0x08003eca   0x08003eca   0x00000002   PAD
    0x08003ecc   0x08003ecc   0x0000002c   Code   RO          778    i.USB_ReadPMA       stm32f1xx_ll_usb.o
    0x08003ef8   0x08003ef8   0x00000004   Code   RO          779    i.USB_SetCurrentMode  stm32f1xx_ll_usb.o
    0x08003efc   0x08003efc   0x0000000c   Code   RO          780    i.USB_SetDevAddress  stm32f1xx_ll_usb.o
    0x08003f08   0x08003f08   0x00000026   Code   RO          782    i.USB_WritePMA      stm32f1xx_ll_usb.o
    0x08003f2e   0x08003f2e   0x00000002   Code   RO          321    i.UsageFault_Handler  stm32f1xx_it.o
    0x08003f30   0x08003f30   0x00000020   Code   RO         1424    i.__NVIC_SetPriority  stm32f1xx_hal_cortex.o
    0x08003f50   0x08003f50   0x00000068   Code   RO          203    i.filter            main.o
    0x08003fb8   0x08003fb8   0x000005bc   Code   RO          204    i.main              main.o
    0x08004574   0x08004574   0x00000062   Code   RO         4070    x$fpl$d2f           fz_ws.l(d2f.o)
    0x080045d6   0x080045d6   0x00000002   PAD
    0x080045d8   0x080045d8   0x000002b0   Code   RO         4073    x$fpl$ddiv          fz_ws.l(ddiv.o)
    0x08004888   0x08004888   0x0000002e   Code   RO         4077    x$fpl$dflt          fz_ws.l(dflt_clz.o)
    0x080048b6   0x080048b6   0x0000009c   Code   RO         4108    x$fpl$dnaninf       fz_ws.l(dnaninf.o)
    0x08004952   0x08004952   0x0000000c   Code   RO         4110    x$fpl$dretinf       fz_ws.l(dretinf.o)
    0x0800495e   0x0800495e   0x00000002   PAD
    0x08004960   0x08004960   0x000000c4   Code   RO         4082    x$fpl$fadd          fz_ws.l(faddsub_clz.o)
    0x08004a24   0x08004a24   0x00000036   Code   RO         4088    x$fpl$ffix          fz_ws.l(ffix.o)
    0x08004a5a   0x08004a5a   0x00000002   PAD
    0x08004a5c   0x08004a5c   0x00000030   Code   RO         4093    x$fpl$fflt          fz_ws.l(fflt_clz.o)
    0x08004a8c   0x08004a8c   0x00000102   Code   RO         4098    x$fpl$fmul          fz_ws.l(fmul.o)
    0x08004b8e   0x08004b8e   0x0000008c   Code   RO         4112    x$fpl$fnaninf       fz_ws.l(fnaninf.o)
    0x08004c1a   0x08004c1a   0x0000000a   Code   RO         4114    x$fpl$fretinf       fz_ws.l(fretinf.o)
    0x08004c24   0x08004c24   0x000000ea   Code   RO         4084    x$fpl$fsub          fz_ws.l(faddsub_clz.o)
    0x08004d0e   0x08004d0e   0x00000000   Code   RO         4116    x$fpl$usenofp       fz_ws.l(usenofp.o)
    0x08004d0e   0x08004d0e   0x00000010   Data   RO         3243    .constdata          system_stm32f1xx.o
    0x08004d1e   0x08004d1e   0x00000008   Data   RO         3244    .constdata          system_stm32f1xx.o
    0x08004d26   0x08004d26   0x00000002   PAD
    0x08004d28   0x08004d28   0x00000020   Data   RO         4271    Region$$Table       anon$$obj.o


    Execution Region RW_IRAM1 (Exec base: 0x20000000, Load base: 0x08004d48, Size: 0x00001b90, Max: 0x00005000, ABSOLUTE, COMPRESSED[0x000000c4])

    Exec Addr    Load Addr    Size         Type   Attr      Idx    E Section Name        Object

    0x20000000   COMPRESSED   0x0000000a   Data   RW           24    .data               dfplayer.o
    0x2000000a   COMPRESSED   0x00000002   PAD
    0x2000000c   COMPRESSED   0x0000000c   Data   RW          206    .data               main.o
    0x20000018   COMPRESSED   0x0000000c   Data   RW          961    .data               stm32f1xx_hal.o
    0x20000024   COMPRESSED   0x00000004   Data   RW         3245    .data               system_stm32f1xx.o
    0x20000028   COMPRESSED   0x0000001c   Data   RW         3319    .data               usbd_desc.o
    0x20000044   COMPRESSED   0x00000032   Data   RW         3320    .data               usbd_desc.o
    0x20000076   COMPRESSED   0x00000002   PAD
    0x20000078   COMPRESSED   0x00000010   Data   RW         3402    .data               usbd_cdc_if.o
    0x20000088   COMPRESSED   0x00000001   Data   RW         3806    .data               usbd_ctlreq.o
    0x20000089   COMPRESSED   0x00000003   PAD
    0x2000008c   COMPRESSED   0x000000d7   Data   RW         3938    .data               usbd_cdc.o
    0x20000163   COMPRESSED   0x00000001   PAD
    0x20000164   COMPRESSED   0x00000038   Data   RW         3939    .data               usbd_cdc.o
    0x2000019c        -       0x000001c4   Zero   RW          205    .bss                main.o
    0x20000360        -       0x000002c4   Zero   RW         3280    .bss                usb_device.o
    0x20000624        -       0x00000200   Zero   RW         3318    .bss                usbd_desc.o
    0x20000824        -       0x00000800   Zero   RW         3401    .bss                usbd_cdc_if.o
    0x20001024        -       0x0000050c   Zero   RW         3480    .bss                usbd_conf.o
    0x20001530        -       0x00000060   Zero   RW         4145    .bss                c_w.l(libspace.o)
    0x20001590        -       0x00000200   Zero   RW            2    HEAP                startup_stm32f103xb.o
    0x20001790        -       0x00000400   Zero   RW            1    STACK               startup_stm32f103xb.o


==============================================================================

Image component sizes


      Code (inc. data)   RO Data    RW Data    ZI Data      Debug   Object Name

       126          6          0         10          0     442385   dfplayer.o
      2126        458          0         12        452      14068   main.o
        64         26        236          0       1536        800   startup_stm32f103xb.o
       164         28          0         12          0       5825   stm32f1xx_hal.o
       198         14          0          0          0      28895   stm32f1xx_hal_cortex.o
       490         34          0          0          0       2860   stm32f1xx_hal_gpio.o
       296         32          0          0          0       2292   stm32f1xx_hal_msp.o
      2980          0          0          0          0      13753   stm32f1xx_hal_pcd.o
        60          0          0          0          0       1158   stm32f1xx_hal_pcd_ex.o
      1272        100          0          0          0       5140   stm32f1xx_hal_rcc.o
       236         12          0          0          0       1364   stm32f1xx_hal_rcc_ex.o
      1192         34          0          0          0      11118   stm32f1xx_hal_tim.o
       108         12          0          0          0       2337   stm32f1xx_hal_tim_ex.o
       560          6          0          0          0       3896   stm32f1xx_hal_uart.o
        44         12          0          0          0       4661   stm32f1xx_it.o
      2758          0          0          0          0      16403   stm32f1xx_ll_usb.o
         2          0         24          4          0       1091   system_stm32f1xx.o
        84         18          0          0        708        772   usb_device.o
       726         16          0        271          0      12882   usbd_cdc.o
       112         22          0         16       2048       3208   usbd_cdc_if.o
       556         30          0          0       1292      13965   usbd_conf.o
       670          0          0          0          0       9339   usbd_core.o
      1186         28          0          1          0       7832   usbd_ctlreq.o
       288        104          0         78        512       5833   usbd_desc.o
       132          0          0          0          0       4260   usbd_ioreq.o

    ----------------------------------------------------------------------
     16454        992        294        412       6548     616137   Object Totals
         0          0         32          0          0          0   (incl. Generated)
        24          0          2          8          0          0   (incl. Padding)

    ----------------------------------------------------------------------

      Code (inc. data)   RO Data    RW Data    ZI Data      Debug   Library Member Name

        90          0          0          0          0          0   __dczerorl2.o
         8          0          0          0          0         68   __main.o
       104          0          0          0          0         84   __printf.o
         0          0          0          0          0          0   __rtentry.o
        12          0          0          0          0          0   __rtentry2.o
         6          0          0          0          0          0   __rtentry4.o
        52          8          0          0          0          0   __scatter.o
        28          0          0          0          0          0   __scatter_zi.o
        48          6          0          0          0         96   _printf_char_common.o
         6          0          0          0          0          0   _printf_d.o
       120         16          0          0          0         92   _printf_dec.o
       178          0          0          0          0         88   _printf_intcommon.o
         0          0          0          0          0          0   _printf_percent.o
         4          0          0          0          0          0   _printf_percent_end.o
        10          0          0          0          0         68   _sputc.o
        18          0          0          0          0         80   exit.o
         6          0          0          0          0        152   heapauxi.o
         0          0          0          0          0          0   indicate_semi.o
         2          0          0          0          0          0   libinit.o
         2          0          0          0          0          0   libinit2.o
         2          0          0          0          0          0   libshutdown.o
         2          0          0          0          0          0   libshutdown2.o
         8          4          0          0         96         68   libspace.o
        40          6          0          0          0         84   noretval__2sprintf.o
        78          0          0          0          0         80   rt_memclr_w.o
       100          0          0          0          0         80   rt_memcpy_w.o
         2          0          0          0          0          0   rtexit.o
        10          0          0          0          0          0   rtexit2.o
        62          0          0          0          0         76   strlen.o
        12          4          0          0          0         68   sys_exit.o
        74          0          0          0          0         80   sys_stackheap_outer.o
         2          0          0          0          0         68   use_no_semi.o
        98          4          0          0          0         92   d2f.o
       688        140          0          0          0        208   ddiv.o
        46          0          0          0          0         68   dflt_clz.o
       156          4          0          0          0         92   dnaninf.o
        12          0          0          0          0         68   dretinf.o
       430          8          0          0          0        168   faddsub_clz.o
        54          4          0          0          0         84   ffix.o
        48          0          0          0          0         68   fflt_clz.o
       258          4          0          0          0         84   fmul.o
       140          4          0          0          0         84   fnaninf.o
        10          0          0          0          0         68   fretinf.o
         0          0          0          0          0          0   usenofp.o

    ----------------------------------------------------------------------
      3036        212          0          0         96       2416   Library Totals
        10          0          0          0          0          0   (incl. Padding)

    ----------------------------------------------------------------------

      Code (inc. data)   RO Data    RW Data    ZI Data      Debug   Library Name

      1086         44          0          0         96       1332   c_w.l
      1940        168          0          0          0       1084   fz_ws.l

    ----------------------------------------------------------------------
      3036        212          0          0         96       2416   Library Totals

    ----------------------------------------------------------------------

==============================================================================


      Code (inc. data)   RO Data    RW Data    ZI Data      Debug   

     19490       1204        294        412       6644     608253   Grand Totals
     19490       1204        294        196       6644     608253   ELF Image Totals (compressed)
     19490       1204        294        196          0          0   ROM Totals

==============================================================================

    Total RO  Size (Code + RO Data)                19784 (  19.32kB)
    Total RW  Size (RW Data + ZI Data)              7056 (   6.89kB)
    Total ROM Size (Code + RO Data + RW Data)      19980 (  19.51kB)

==============================================================================

